Microsoft Windows [Version 10.0.19042.1466]
(c) Microsoft Corporation. All rights reserved.

C:\Users\delyar>cd C:\Users\delyar\Documents\Lab

C:\Users\delyar\Documents\Lab>docker-compose run --rm --service-ports dev
Creating lab_dev_run ... done
Error response from daemon: Ports are not available: listen tcp 0.0.0.0:3000: bind: Only one usage of each socket address (protocol/network address/port) is normally permitted.
ERROR: 1

C:\Users\delyar\Documents\Lab>docker stop
"docker stop" requires at least 1 argument.
See 'docker stop --help'.

Usage:  docker stop [OPTIONS] CONTAINER [CONTAINER...]

Stop one or more running containers

C:\Users\delyar\Documents\Lab>docker rm
"docker rm" requires at least 1 argument.
See 'docker rm --help'.

Usage:  docker rm [OPTIONS] CONTAINER [CONTAINER...]

Remove one or more containers

C:\Users\delyar\Documents\Lab>docker stop
"docker stop" requires at least 1 argument.
See 'docker stop --help'.

Usage:  docker stop [OPTIONS] CONTAINER [CONTAINER...]

Stop one or more running containers

C:\Users\delyar\Documents\Lab>docker-compose run --rm --service-ports dev
Creating lab_dev_run ... done
Error response from daemon: Ports are not available: listen tcp 0.0.0.0:3000: bind: Only one usage of each socket address (protocol/network address/port) is normally permitted.
ERROR: 1

C:\Users\delyar\Documents\Lab>docker rm $(docker ps -a -q)
unknown shorthand flag: 'a' in -a
See 'docker rm --help'.

C:\Users\delyar\Documents\Lab>
C:\Users\delyar\Documents\Lab>docker rm $(docker ps -a -q)
unknown shorthand flag: 'a' in -a
See 'docker rm --help'.

C:\Users\delyar\Documents\Lab>docker ps
CONTAINER ID   IMAGE                           COMMAND                  CREATED             STATUS             PORTS     NAMES
9f4046440cfe   rustlang/rust:nightly           "bash -c 'curl -o- h…"   18 minutes ago      Up 18 minutes                lab_dev_run_18f4a5b25969
70d040af8706   rustlang/rust:nightly           "bash -c 'curl -o- h…"   26 minutes ago      Up 26 minutes                lab_dev_run_71541c032bec
269971493ddc   rustlang/rust:nightly           "bash -c 'curl -o- h…"   44 minutes ago      Up 44 minutes                lab_dev_run_cec4b70a1f6a
57d19ee8c35f   rustlang/rust:nightly           "bash -c 'curl -o- h…"   55 minutes ago      Up 55 minutes                lab_dev_run_cd1862ad6dd9
5f326b146695   swiftlang/swift:nightly-focal   "bash"                   About an hour ago   Up About an hour             lab_dev_run_2e215102d800
f777d58777e3   swiftlang/swift:nightly-focal   "bash"                   2 hours ago         Up 2 hours                   lab_dev_run_a9c560bec07f

C:\Users\delyar\Documents\Lab>docker groom
docker: 'groom' is not a docker command.
See 'docker --help'

C:\Users\delyar\Documents\Lab>docker remove
docker: 'remove' is not a docker command.
See 'docker --help'

C:\Users\delyar\Documents\Lab>

C:\Users\delyar\Documents\Lab>docker stop $(docker ps -a -q)
unknown shorthand flag: 'a' in -a
See 'docker stop --help'.

C:\Users\delyar\Documents\Lab>docker kill $(docker ps -q)
unknown shorthand flag: 'q' in -q)
See 'docker kill --help'.

C:\Users\delyar\Documents\Lab>docker rmi
"docker rmi" requires at least 1 argument.
See 'docker rmi --help'.

Usage:  docker rmi [OPTIONS] IMAGE [IMAGE...]

Remove one or more images

C:\Users\delyar\Documents\Lab>docker rmi $(docker images -q)
unknown shorthand flag: 'q' in -q)
See 'docker rmi --help'.

C:\Users\delyar\Documents\Lab>docker rmi --help

Usage:  docker rmi [OPTIONS] IMAGE [IMAGE...]

Remove one or more images

Options:
  -f, --force      Force removal of the image
      --no-prune   Do not delete untagged parents

C:\Users\delyar\Documents\Lab>docker-compose run --rm --service-ports dev
Creating network "lab_default" with the default driver
Creating lab_dev_run ... done
Error response from daemon: Ports are not available: listen tcp 0.0.0.0:3000: bind: Only one usage of each socket address (protocol/network address/port) is normally permitted.
ERROR: 1

C:\Users\delyar\Documents\Lab>docker-compose run --rm --service-ports dev
Creating lab_dev_run ... done
  % Total    % Received % Xferd  Average Speed   Time    Time     Time  Current
                                 Dload  Upload   Total   Spent    Left  Speed
100 13226  100 13226    0     0  42941      0 --:--:-- --:--:-- --:--:-- 42941
=> Downloading nvm from git to '/root/.nvm'
=> Cloning into '/root/.nvm'...
remote: Enumerating objects: 278, done.
remote: Counting objects: 100% (278/278), done.
remote: Compressing objects: 100% (245/245), done.
remote: Total 278 (delta 31), reused 101 (delta 20), pack-reused 0
Receiving objects: 100% (278/278), 142.25 KiB | 4.90 MiB/s, done.
Resolving deltas: 100% (31/31), done.
=> Compressing and cleaning up git repository

=> Appending nvm source string to /root/.bashrc
=> Appending bash_completion source string to /root/.bashrc
=> Close and reopen your terminal to start using nvm or run the following to use it now:

export NVM_DIR="$HOME/.nvm"
[ -s "$NVM_DIR/nvm.sh" ] && \. "$NVM_DIR/nvm.sh"  # This loads nvm
[ -s "$NVM_DIR/bash_completion" ] && \. "$NVM_DIR/bash_completion"  # This loads nvm bash_completion
Downloading and installing node v17.4.0...
Downloading https://nodejs.org/dist/v17.4.0/node-v17.4.0-linux-x64.tar.xz...
########################################################################################## 100.0%
Computing checksum with sha256sum
Checksums matched!
Now using node v17.4.0 (npm v8.3.1)
Creating default alias: default -> node (-> v17.4.0)
root@0261169013f1:/# apt-get update
Get:1 http://deb.debian.org/debian buster InRelease [122 kB]
Get:2 http://security.debian.org/debian-security buster/updates InRelease [65.4 kB]
Get:3 http://deb.debian.org/debian buster-updates InRelease [51.9 kB]
Get:4 http://deb.debian.org/debian buster/main amd64 Packages [7906 kB]
Get:5 http://security.debian.org/debian-security buster/updates/main amd64 Packages [313 kB]
Get:6 http://deb.debian.org/debian buster-updates/main amd64 Packages [8792 B]
Fetched 8467 kB in 4s (2105 kB/s)
Reading package lists... Done
root@0261169013f1:/# apt-get install npm
Reading package lists... Done
Building dependency tree
Reading state information... Done
The following additional packages will be installed:
  build-essential gyp javascript-common libbrotli1 libc-ares2 libjs-inherits
  libjs-is-typedarray libnode-dev libnode64 libuv1 libuv1-dev node-abbrev node-ajv node-ansi
  node-ansi-align node-ansi-regex node-ansi-styles node-ansistyles node-aproba node-archy
  node-are-we-there-yet node-asn1 node-assert-plus node-asynckit node-aws-sign2 node-aws4
  node-balanced-match node-bcrypt-pbkdf node-bluebird node-boxen node-brace-expansion
  node-builtin-modules node-builtins node-cacache node-call-limit node-camelcase node-caseless
  node-chalk node-chownr node-cli-boxes node-cliui node-clone node-co node-color-convert
  node-color-name node-combined-stream node-concat-map node-concat-stream node-config-chain
  node-console-control-strings node-copy-concurrently node-core-util-is node-cross-spawn
  node-cyclist node-dashdash node-decamelize node-decompress-response node-deep-extend
  node-defaults node-delayed-stream node-delegates node-detect-indent node-detect-newline
  node-duplexer3 node-duplexify node-ecc-jsbn node-editor node-encoding node-end-of-stream
  node-errno node-escape-string-regexp node-execa node-extend node-extsprintf node-find-up
  node-flush-write-stream node-forever-agent node-form-data node-from2 node-fs-vacuum
  node-fs-write-stream-atomic node-fs.realpath node-gauge node-get-caller-file node-get-stream
  node-getpass node-glob node-got node-graceful-fs node-gyp node-har-schema node-har-validator
  node-has-flag node-has-symbol-support-x node-has-to-string-tag-x node-has-unicode
  node-hosted-git-info node-http-signature node-iconv-lite node-iferr node-import-lazy
  node-imurmurhash node-inflight node-inherits node-ini node-invert-kv node-is-builtin-module
  node-is-npm node-is-object node-is-plain-obj node-is-retry-allowed node-is-stream
  node-is-typedarray node-isarray node-isexe node-isstream node-isurl node-jsbn
  node-json-parse-better-errors node-json-schema node-json-stable-stringify
  node-json-stringify-safe node-jsonify node-jsonparse node-jsonstream node-jsprim
  node-latest-version node-lazy-property node-lcid node-libnpx node-locate-path node-lockfile
  node-lowercase-keys node-lru-cache node-mem node-mime-types node-mimic-fn node-mimic-response
  node-minimatch node-minimist node-mississippi node-mkdirp node-move-concurrently
  node-mute-stream node-node-uuid node-nopt node-normalize-package-data node-npm-package-arg
  node-npm-run-path node-npmlog node-oauth-sign node-object-assign node-once node-opener
  node-os-locale node-osenv node-p-cancelable node-p-finally node-p-limit node-p-locate
  node-p-timeout node-package-json node-parallel-transform node-path-exists
  node-path-is-absolute node-path-is-inside node-performance-now node-prepend-http
  node-process-nextick-args node-promise-inflight node-promzard node-proto-list node-prr
  node-pump node-pumpify node-punycode node-qs node-qw node-rc node-read node-read-package-json
  node-readable-stream node-registry-auth-token node-registry-url node-request
  node-require-directory node-require-main-filename node-resolve-from node-retry node-rimraf
  node-run-queue node-safe-buffer node-semver node-semver-diff node-set-blocking node-sha
  node-shebang-command node-shebang-regex node-signal-exit node-slash node-slide
  node-sorted-object node-spdx-correct node-spdx-expression-parse node-spdx-license-ids
  node-sshpk node-ssri node-stream-each node-stream-iterate node-stream-shift
  node-string-decoder node-string-width node-strip-ansi node-strip-eof node-strip-json-comments
  node-supports-color node-tar node-term-size node-text-table node-through node-through2
  node-timed-out node-tough-cookie node-tunnel-agent node-tweetnacl node-typedarray
  node-uid-number node-unique-filename node-unpipe node-url-parse-lax node-url-to-options
  node-util-deprecate node-uuid node-validate-npm-package-license
  node-validate-npm-package-name node-verror node-wcwidth.js node-which node-which-module
  node-wide-align node-widest-line node-wrap-ansi node-wrappy node-write-file-atomic
  node-xdg-basedir node-xtend node-y18n node-yallist node-yargs node-yargs-parser nodejs
  nodejs-doc python-pkg-resources
Suggested packages:
  apache2 | lighttpd | httpd python-setuptools
The following NEW packages will be installed:
  build-essential gyp javascript-common libbrotli1 libc-ares2 libjs-inherits
  libjs-is-typedarray libnode-dev libnode64 libuv1 libuv1-dev node-abbrev node-ajv node-ansi
  node-ansi-align node-ansi-regex node-ansi-styles node-ansistyles node-aproba node-archy
  node-are-we-there-yet node-asn1 node-assert-plus node-asynckit node-aws-sign2 node-aws4
  node-balanced-match node-bcrypt-pbkdf node-bluebird node-boxen node-brace-expansion
  node-builtin-modules node-builtins node-cacache node-call-limit node-camelcase node-caseless
  node-chalk node-chownr node-cli-boxes node-cliui node-clone node-co node-color-convert
  node-color-name node-combined-stream node-concat-map node-concat-stream node-config-chain
  node-console-control-strings node-copy-concurrently node-core-util-is node-cross-spawn
  node-cyclist node-dashdash node-decamelize node-decompress-response node-deep-extend
  node-defaults node-delayed-stream node-delegates node-detect-indent node-detect-newline
  node-duplexer3 node-duplexify node-ecc-jsbn node-editor node-encoding node-end-of-stream
  node-errno node-escape-string-regexp node-execa node-extend node-extsprintf node-find-up
  node-flush-write-stream node-forever-agent node-form-data node-from2 node-fs-vacuum
  node-fs-write-stream-atomic node-fs.realpath node-gauge node-get-caller-file node-get-stream
  node-getpass node-glob node-got node-graceful-fs node-gyp node-har-schema node-har-validator
  node-has-flag node-has-symbol-support-x node-has-to-string-tag-x node-has-unicode
  node-hosted-git-info node-http-signature node-iconv-lite node-iferr node-import-lazy
  node-imurmurhash node-inflight node-inherits node-ini node-invert-kv node-is-builtin-module
  node-is-npm node-is-object node-is-plain-obj node-is-retry-allowed node-is-stream
  node-is-typedarray node-isarray node-isexe node-isstream node-isurl node-jsbn
  node-json-parse-better-errors node-json-schema node-json-stable-stringify
  node-json-stringify-safe node-jsonify node-jsonparse node-jsonstream node-jsprim
  node-latest-version node-lazy-property node-lcid node-libnpx node-locate-path node-lockfile
  node-lowercase-keys node-lru-cache node-mem node-mime-types node-mimic-fn node-mimic-response
  node-minimatch node-minimist node-mississippi node-mkdirp node-move-concurrently
  node-mute-stream node-node-uuid node-nopt node-normalize-package-data node-npm-package-arg
  node-npm-run-path node-npmlog node-oauth-sign node-object-assign node-once node-opener
  node-os-locale node-osenv node-p-cancelable node-p-finally node-p-limit node-p-locate
  node-p-timeout node-package-json node-parallel-transform node-path-exists
  node-path-is-absolute node-path-is-inside node-performance-now node-prepend-http
  node-process-nextick-args node-promise-inflight node-promzard node-proto-list node-prr
  node-pump node-pumpify node-punycode node-qs node-qw node-rc node-read node-read-package-json
  node-readable-stream node-registry-auth-token node-registry-url node-request
  node-require-directory node-require-main-filename node-resolve-from node-retry node-rimraf
  node-run-queue node-safe-buffer node-semver node-semver-diff node-set-blocking node-sha
  node-shebang-command node-shebang-regex node-signal-exit node-slash node-slide
  node-sorted-object node-spdx-correct node-spdx-expression-parse node-spdx-license-ids
  node-sshpk node-ssri node-stream-each node-stream-iterate node-stream-shift
  node-string-decoder node-string-width node-strip-ansi node-strip-eof node-strip-json-comments
  node-supports-color node-tar node-term-size node-text-table node-through node-through2
  node-timed-out node-tough-cookie node-tunnel-agent node-tweetnacl node-typedarray
  node-uid-number node-unique-filename node-unpipe node-url-parse-lax node-url-to-options
  node-util-deprecate node-uuid node-validate-npm-package-license
  node-validate-npm-package-name node-verror node-wcwidth.js node-which node-which-module
  node-wide-align node-widest-line node-wrap-ansi node-wrappy node-write-file-atomic
  node-xdg-basedir node-xtend node-y18n node-yallist node-yargs node-yargs-parser nodejs
  nodejs-doc npm python-pkg-resources
0 upgraded, 254 newly installed, 0 to remove and 3 not upgraded.
Need to get 11.1 MB of archives.
After this operation, 52.3 MB of additional disk space will be used.
Do you want to continue? [Y/n] Y
Get:1 http://deb.debian.org/debian buster/main amd64 build-essential amd64 12.6 [7576 B]
Get:2 http://deb.debian.org/debian buster/main amd64 python-pkg-resources all 40.8.0-1 [182 kB]
Get:3 http://deb.debian.org/debian buster/main amd64 gyp all 0.1+20180428git4d467626-3 [238 kB]
Get:4 http://deb.debian.org/debian buster/main amd64 javascript-common all 11 [6120 B]
Get:5 http://deb.debian.org/debian buster/main amd64 libbrotli1 amd64 1.0.7-2+deb10u1 [269 kB]
Get:6 http://deb.debian.org/debian buster/main amd64 libc-ares2 amd64 1.14.0-1+deb10u1 [86.1 kB]
Get:7 http://deb.debian.org/debian buster/main amd64 libjs-inherits all 2.0.3-1 [2762 B]
Get:8 http://deb.debian.org/debian buster/main amd64 libjs-is-typedarray all 1.0.0-2 [2876 B]
Get:9 http://deb.debian.org/debian buster/main amd64 libuv1 amd64 1.24.1-1+deb10u1 [110 kB]
Get:10 http://deb.debian.org/debian buster/main amd64 libuv1-dev amd64 1.24.1-1+deb10u1 [130 kB]
Get:11 http://deb.debian.org/debian buster/main amd64 libnode64 amd64 10.24.0~dfsg-1~deb10u1 [5631 kB]
Get:12 http://deb.debian.org/debian buster/main amd64 libnode-dev amd64 10.24.0~dfsg-1~deb10u1 [397 kB]
Get:13 http://deb.debian.org/debian buster/main amd64 nodejs amd64 10.24.0~dfsg-1~deb10u1 [87.3 kB]
Get:14 http://deb.debian.org/debian buster/main amd64 node-abbrev all 1.1.1-1 [4352 B]
Get:15 http://deb.debian.org/debian buster/main amd64 node-jsonify all 0.0.0-1 [5408 B]
Get:16 http://deb.debian.org/debian buster/main amd64 node-json-stable-stringify all 1.0.1-1 [4450 B]
Get:17 http://deb.debian.org/debian buster/main amd64 node-co all 4.6.0-1 [7550 B]
Get:18 http://deb.debian.org/debian buster/main amd64 node-ajv all 5.0.0-1 [64.9 kB]
Get:19 http://deb.debian.org/debian buster/main amd64 node-ansi all 0.3.0-3 [9068 B]
Get:20 http://deb.debian.org/debian buster/main amd64 node-clone all 2.1.2-1 [7880 B]
Get:21 http://deb.debian.org/debian buster/main amd64 node-defaults all 1.0.3-1 [3108 B]
Get:22 http://deb.debian.org/debian buster/main amd64 node-wcwidth.js all 1.0.0-1 [6408 B]
Get:23 http://deb.debian.org/debian buster/main amd64 node-ansi-regex all 3.0.0-1+deb10u1 [3844 B]
Get:24 http://deb.debian.org/debian buster/main amd64 node-strip-ansi all 4.0.0-1 [3078 B]
Get:25 http://deb.debian.org/debian buster/main amd64 node-string-width all 2.1.1-1 [3992 B]
Get:26 http://deb.debian.org/debian buster/main amd64 node-ansi-align all 2.0.0-1 [4704 B]
Get:27 http://deb.debian.org/debian buster/main amd64 node-color-name all 1.1.3-1 [4090 B]
Get:28 http://deb.debian.org/debian buster/main amd64 node-color-convert all 1.9.0-3 [10.1 kB]
Get:29 http://deb.debian.org/debian buster/main amd64 node-ansi-styles all 3.2.1-1 [5684 B]
Get:30 http://deb.debian.org/debian buster/main amd64 node-ansistyles all 0.1.3-1 [4026 B]
Get:31 http://deb.debian.org/debian buster/main amd64 node-aproba all 1.2.0-1 [5008 B]
Get:32 http://deb.debian.org/debian buster/main amd64 node-archy all 1.0.0-2 [4340 B]
Get:33 http://deb.debian.org/debian buster/main amd64 node-delegates all 1.0.0-1 [3864 B]
Get:34 http://deb.debian.org/debian buster/main amd64 node-are-we-there-yet all 1.1.4-1 [7662 B]
Get:35 http://deb.debian.org/debian buster/main amd64 node-asn1 all 0.2.3-1 [6880 B]
Get:36 http://deb.debian.org/debian buster/main amd64 node-assert-plus all 1.0.0-1 [6162 B]
Get:37 http://deb.debian.org/debian buster/main amd64 node-asynckit all 0.4.0-2 [10.4 kB]
Get:38 http://deb.debian.org/debian buster/main amd64 node-aws-sign2 all 0.7.1-1 [3716 B]
Get:39 http://deb.debian.org/debian buster/main amd64 node-aws4 all 1.8.0-1 [11.7 kB]
Get:40 http://deb.debian.org/debian buster/main amd64 node-balanced-match all 0.4.2-1 [3982 B]
Get:41 http://deb.debian.org/debian buster/main amd64 node-tweetnacl all 0.14.5+dfsg-3 [21.1 kB]
Get:42 http://deb.debian.org/debian buster/main amd64 node-bcrypt-pbkdf all 1.0.1-1 [10.4 kB]
Get:43 http://deb.debian.org/debian buster/main amd64 node-bluebird all 3.5.1+dfsg2-2 [36.4 kB]
Get:44 http://deb.debian.org/debian buster/main amd64 node-camelcase all 5.0.0-1 [3964 B]
Get:45 http://deb.debian.org/debian buster/main amd64 node-escape-string-regexp all 1.0.5-1 [3218 B]
Get:46 http://deb.debian.org/debian buster/main amd64 node-has-flag all 2.0.0-1 [3172 B]
Get:47 http://deb.debian.org/debian buster/main amd64 node-supports-color all 4.4.0-2 [4742 B]
Get:48 http://deb.debian.org/debian buster/main amd64 node-chalk all 2.3.0-2 [11.2 kB]
Get:49 http://deb.debian.org/debian buster/main amd64 node-cli-boxes all 1.0.0-1 [3252 B]
Get:50 http://deb.debian.org/debian buster/main amd64 node-yallist all 3.0.3-1 [6052 B]
Get:51 http://deb.debian.org/debian buster/main amd64 node-lru-cache all 5.1.1-4 [8320 B]
Get:52 http://deb.debian.org/debian buster/main amd64 node-isexe all 2.0.0-4 [4404 B]
Get:53 http://deb.debian.org/debian buster/main amd64 node-which all 1.3.0-2 [5804 B]
Get:54 http://deb.debian.org/debian buster/main amd64 node-shebang-regex all 2.0.0-1 [2742 B]
Get:55 http://deb.debian.org/debian buster/main amd64 node-shebang-command all 1.2.0-1 [2900 B]
Get:56 http://deb.debian.org/debian buster/main amd64 node-cross-spawn all 5.1.0-2 [8732 B]
Get:57 http://deb.debian.org/debian buster/main amd64 node-get-stream all 3.0.0-1 [4724 B]
Get:58 http://deb.debian.org/debian buster/main amd64 node-is-stream all 1.1.0-1 [2998 B]
Get:59 http://deb.debian.org/debian buster/main amd64 node-npm-run-path all 2.0.2-2 [4412 B]
Get:60 http://deb.debian.org/debian buster/main amd64 node-p-finally all 1.0.0-2 [3230 B]
Get:61 http://deb.debian.org/debian buster/main amd64 node-signal-exit all 3.0.2-1 [5648 B]
Get:62 http://deb.debian.org/debian buster/main amd64 node-strip-eof all 1.0.0-2 [3010 B]
Get:63 http://deb.debian.org/debian buster/main amd64 node-execa all 0.10.0+dfsg-1 [8936 B]
Get:64 http://deb.debian.org/debian buster/main amd64 node-term-size all 1.2.0+dfsg-2 [3944 B]
Get:65 http://deb.debian.org/debian buster/main amd64 node-widest-line all 1.2.2-1 [3360 B]
Get:66 http://deb.debian.org/debian buster/main amd64 node-boxen all 1.2.2-1 [4764 B]
Get:67 http://deb.debian.org/debian buster/main amd64 node-concat-map all 0.0.1-1 [3462 B]
Get:68 http://deb.debian.org/debian buster/main amd64 node-brace-expansion all 1.1.8-1 [5798 B]
Get:69 http://deb.debian.org/debian buster/main amd64 node-builtin-modules all 3.0.0-1 [3780 B]
Get:70 http://deb.debian.org/debian buster/main amd64 node-builtins all 1.0.3-1 [2970 B]
Get:71 http://deb.debian.org/debian buster/main amd64 node-chownr all 1.1.1-1 [3432 B]
Get:72 http://deb.debian.org/debian buster/main amd64 node-minimatch all 3.0.4-3 [13.4 kB]
Get:73 http://deb.debian.org/debian buster/main amd64 node-inherits all 2.0.3-1 [3744 B]
Get:74 http://deb.debian.org/debian buster/main amd64 node-wrappy all 1.0.2-1 [3114 B]
Get:75 http://deb.debian.org/debian buster/main amd64 node-once all 1.4.0-3 [4344 B]
Get:76 http://deb.debian.org/debian buster/main amd64 node-fs.realpath all 1.0.0-1 [5522 B]
Get:77 http://deb.debian.org/debian buster/main amd64 node-inflight all 1.0.6-1 [3334 B]
Get:78 http://deb.debian.org/debian buster/main amd64 node-path-is-absolute all 1.0.0-1 [3266 B]
Get:79 http://deb.debian.org/debian buster/main amd64 node-glob all 7.1.3-2 [19.1 kB]
Get:80 http://deb.debian.org/debian buster/main amd64 node-graceful-fs all 4.1.11-1 [10.8 kB]
Get:81 http://deb.debian.org/debian buster/main amd64 node-typedarray all 0.0.6-1 [8202 B]
Get:82 http://deb.debian.org/debian buster/main amd64 node-concat-stream all 1.6.2-1 [5644 B]
Get:83 http://deb.debian.org/debian buster/main amd64 node-end-of-stream all 1.4.1-1 [3980 B]
Get:84 http://deb.debian.org/debian buster/main amd64 node-core-util-is all 1.0.2-1 [3410 B]
Get:85 http://deb.debian.org/debian buster/main amd64 node-safe-buffer all 5.1.2-1 [12.2 kB]
Get:86 http://deb.debian.org/debian buster/main amd64 node-string-decoder all 1.2.0-1 [6432 B]
Get:87 http://deb.debian.org/debian buster/main amd64 node-process-nextick-args all 2.0.0-1 [3388 B]
Get:88 http://deb.debian.org/debian buster/main amd64 node-util-deprecate all 1.0.2-1 [3866 B]
Get:89 http://deb.debian.org/debian buster/main amd64 node-isarray all 2.0.4-1 [3768 B]
Get:90 http://deb.debian.org/debian buster/main amd64 node-readable-stream all 2.3.6-1 [21.6 kB]
Get:91 http://deb.debian.org/debian buster/main amd64 node-stream-shift all 1.0.0-1 [2850 B]
Get:92 http://deb.debian.org/debian buster/main amd64 node-duplexify all 3.6.1-1 [5492 B]
Get:93 http://deb.debian.org/debian buster/main amd64 node-flush-write-stream all 1.0.3-1 [3984 B]
Get:94 http://deb.debian.org/debian buster/main amd64 node-from2 all 2.3.0-1 [4338 B]
Get:95 http://deb.debian.org/debian buster/main amd64 node-cyclist all 1.0.1-2 [3612 B]
Get:96 http://deb.debian.org/debian buster/main amd64 node-parallel-transform all 1.1.0-2 [4136 B]
Get:97 http://deb.debian.org/debian buster/main amd64 node-pump all 3.0.0-1 [4936 B]
Get:98 http://deb.debian.org/debian buster/main amd64 node-pumpify all 1.5.1-1 [4316 B]
Get:99 http://deb.debian.org/debian buster/main amd64 node-stream-each all 1.2.2-2 [3808 B]
Get:100 http://deb.debian.org/debian buster/main amd64 node-xtend all 4.0.1-2 [3560 B]
Get:101 http://deb.debian.org/debian buster/main amd64 node-through2 all 2.0.5-2 [6524 B]
Get:102 http://deb.debian.org/debian buster/main amd64 node-mississippi all 3.0.0-1 [8108 B]
Get:103 http://deb.debian.org/debian buster/main amd64 node-mkdirp all 0.5.1-1 [4708 B]
Get:104 http://deb.debian.org/debian buster/main amd64 node-run-queue all 1.0.3-1 [4416 B]
Get:105 http://deb.debian.org/debian buster/main amd64 node-rimraf all 2.6.2-1 [8112 B]
Get:106 http://deb.debian.org/debian buster/main amd64 node-imurmurhash all 0.1.4-1 [8154 B]
Get:107 http://deb.debian.org/debian buster/main amd64 node-iferr all 1.0.2-1 [3496 B]
Get:108 http://deb.debian.org/debian buster/main amd64 node-fs-write-stream-atomic all 1.0.10-4 [4820 B]
Get:109 http://deb.debian.org/debian buster/main amd64 node-copy-concurrently all 1.0.5-4 [6516 B]
Get:110 http://deb.debian.org/debian buster/main amd64 node-move-concurrently all 1.0.1-2 [4644 B]
Get:111 http://deb.debian.org/debian buster/main amd64 node-promise-inflight all 1.0.1-1 [3104 B]
Get:112 http://deb.debian.org/debian buster/main amd64 node-ssri all 5.2.4-2 [14.1 kB]
Get:113 http://deb.debian.org/debian buster/main amd64 node-unique-filename all 1.1.0+ds-2 [4416 B]
Get:114 http://deb.debian.org/debian buster/main amd64 node-y18n all 3.2.1-2+deb10u1 [4924 B]
Get:115 http://deb.debian.org/debian buster/main amd64 node-cacache all 11.3.2-2 [29.5 kB]
Get:116 http://deb.debian.org/debian buster/main amd64 node-call-limit all 1.1.0-1 [3576 B]
Get:117 http://deb.debian.org/debian buster/main amd64 node-caseless all 0.12.0-1 [3334 B]
Get:118 http://deb.debian.org/debian buster/main amd64 node-wrap-ansi all 4.0.0-1 [5444 B]
Get:119 http://deb.debian.org/debian buster/main amd64 node-cliui all 4.1.0-1 [7832 B]
Get:120 http://deb.debian.org/debian buster/main amd64 node-delayed-stream all 0.0.5-1 [4482 B]
Get:121 http://deb.debian.org/debian buster/main amd64 node-combined-stream all 1.0.7-1 [6024 B]
Get:122 http://deb.debian.org/debian buster/main amd64 node-proto-list all 1.2.4-1 [3046 B]
Get:123 http://deb.debian.org/debian buster/main amd64 node-ini all 1.3.5-1+deb10u1 [5924 B]
Get:124 http://deb.debian.org/debian buster/main amd64 node-config-chain all 1.1.11-1 [7612 B]
Get:125 http://deb.debian.org/debian buster/main amd64 node-console-control-strings all 1.1.0-1 [4906 B]
Get:126 http://deb.debian.org/debian buster/main amd64 node-dashdash all 1.14.1-2 [22.2 kB]
Get:127 http://deb.debian.org/debian buster/main amd64 node-decamelize all 1.2.0-1 [3044 B]
Get:128 http://deb.debian.org/debian buster/main amd64 node-mimic-response all 1.0.0-1 [3302 B]
Get:129 http://deb.debian.org/debian buster/main amd64 node-decompress-response all 3.3.0-1 [3262 B]
Get:130 http://deb.debian.org/debian buster/main amd64 node-deep-extend all 0.4.1-2 [5000 B]
Get:131 http://deb.debian.org/debian buster/main amd64 node-detect-indent all 5.0.0-1 [4392 B]
Get:132 http://deb.debian.org/debian buster/main amd64 node-detect-newline all 2.1.0-1 [2972 B]
Get:133 http://deb.debian.org/debian buster/main amd64 node-duplexer3 all 0.1.4-4 [4844 B]
Get:134 http://deb.debian.org/debian buster/main amd64 node-jsbn all 1.1.0-1 [13.5 kB]
Get:135 http://deb.debian.org/debian buster/main amd64 node-ecc-jsbn all 0.1.1-1 [8832 B]
Get:136 http://deb.debian.org/debian buster/main amd64 node-editor all 1.0.0-1 [3296 B]
Get:137 http://deb.debian.org/debian buster/main amd64 node-iconv-lite all 0.4.13-2 [122 kB]
Get:138 http://deb.debian.org/debian buster/main amd64 node-encoding all 0.1.12-2 [4262 B]
Get:139 http://deb.debian.org/debian buster/main amd64 node-prr all 1.0.1-1 [3682 B]
Get:140 http://deb.debian.org/debian buster/main amd64 node-errno all 0.1.4-1 [6572 B]
Get:141 http://deb.debian.org/debian buster/main amd64 node-extend all 3.0.2-1 [6744 B]
Get:142 http://deb.debian.org/debian buster/main amd64 node-extsprintf all 1.3.0-1 [4452 B]
Get:143 http://deb.debian.org/debian buster/main amd64 node-p-limit all 1.1.0-1 [3382 B]
Get:144 http://deb.debian.org/debian buster/main amd64 node-p-locate all 2.0.0-1 [3986 B]
Get:145 http://deb.debian.org/debian buster/main amd64 node-path-exists all 3.0.0-1 [3154 B]
Get:146 http://deb.debian.org/debian buster/main amd64 node-locate-path all 2.0.0-1 [3816 B]
Get:147 http://deb.debian.org/debian buster/main amd64 node-find-up all 2.1.0-1 [3652 B]
Get:148 http://deb.debian.org/debian buster/main amd64 node-forever-agent all 0.6.1-1 [3536 B]
Get:149 http://deb.debian.org/debian buster/main amd64 node-mime-types all 2.1.21-1 [16.5 kB]
Get:150 http://deb.debian.org/debian buster/main amd64 node-form-data all 2.3.2-2 [10.0 kB]
Get:151 http://deb.debian.org/debian buster/main amd64 node-path-is-inside all 1.0.2-1 [3940 B]
Get:152 http://deb.debian.org/debian buster/main amd64 node-fs-vacuum all 1.2.10-2 [4232 B]
Get:153 http://deb.debian.org/debian buster/main amd64 node-object-assign all 4.1.1-2 [4336 B]
Get:154 http://deb.debian.org/debian buster/main amd64 node-has-unicode all 2.0.1-2 [3442 B]
Get:155 http://deb.debian.org/debian buster/main amd64 node-wide-align all 1.1.0-1 [3438 B]
Get:156 http://deb.debian.org/debian buster/main amd64 node-gauge all 2.7.4-1 [25.1 kB]
Get:157 http://deb.debian.org/debian buster/main amd64 node-get-caller-file all 1.0.2-1 [2814 B]
Get:158 http://deb.debian.org/debian buster/main amd64 node-getpass all 0.1.7-1 [4142 B]
Get:159 http://deb.debian.org/debian buster/main amd64 node-is-retry-allowed all 1.1.0-1 [3296 B]
Get:160 http://deb.debian.org/debian buster/main amd64 node-p-cancelable all 0.3.0-1 [4322 B]
Get:161 http://deb.debian.org/debian buster/main amd64 node-p-timeout all 1.2.0-1 [3642 B]
Get:162 http://deb.debian.org/debian buster/main amd64 node-is-plain-obj all 1.1.0-1 [2918 B]
Get:163 http://deb.debian.org/debian buster/main amd64 node-url-to-options all 1.0.1-1 [3152 B]
Get:164 http://deb.debian.org/debian buster/main amd64 node-timed-out all 4.0.1-4 [3972 B]
Get:165 http://deb.debian.org/debian buster/main amd64 node-lowercase-keys all 1.0.0-2 [3108 B]
Get:166 http://deb.debian.org/debian buster/main amd64 node-is-object all 1.0.1-1 [3288 B]
Get:167 http://deb.debian.org/debian buster/main amd64 node-has-symbol-support-x all 1.4.1+dfsg-1 [3948 B]
Get:168 http://deb.debian.org/debian buster/main amd64 node-has-to-string-tag-x all 1.4.1+dfsg-1 [4066 B]
Get:169 http://deb.debian.org/debian buster/main amd64 node-isurl all 1.0.0-1 [3598 B]
Get:170 http://deb.debian.org/debian buster/main amd64 node-prepend-http all 2.0.0-1 [3292 B]
Get:171 http://deb.debian.org/debian buster/main amd64 node-url-parse-lax all 1.0.0-1 [3222 B]
Get:172 http://deb.debian.org/debian buster/main amd64 node-got all 7.1.0-1 [11.7 kB]
Get:173 http://deb.debian.org/debian buster/main amd64 node-nopt all 3.0.6-3 [9538 B]
Get:174 http://deb.debian.org/debian buster/main amd64 node-set-blocking all 2.0.0-1 [3806 B]
Get:175 http://deb.debian.org/debian buster/main amd64 node-npmlog all 4.1.2-1 [8592 B]
Get:176 http://deb.debian.org/debian buster/main amd64 node-osenv all 0.1.5-1 [4332 B]
Get:177 http://deb.debian.org/debian buster/main amd64 node-har-schema all 2.0.0-1 [5254 B]
Get:178 http://deb.debian.org/debian buster/main amd64 node-har-validator all 5.1.0-1 [4548 B]
Get:179 http://deb.debian.org/debian buster/main amd64 node-json-schema all 0.2.3-1 [6996 B]
Get:180 http://deb.debian.org/debian buster/main amd64 node-verror all 1.10.0-1 [13.9 kB]
Get:181 http://deb.debian.org/debian buster/main amd64 node-jsprim all 1.4.0-1 [13.2 kB]
Get:182 http://deb.debian.org/debian buster/main amd64 node-sshpk all 1.13.1+dfsg-2 [44.4 kB]
Get:183 http://deb.debian.org/debian buster/main amd64 node-http-signature all 1.2.0-1 [11.1 kB]
Get:184 http://deb.debian.org/debian buster/main amd64 node-is-typedarray all 1.0.0-2 [2422 B]
Get:185 http://deb.debian.org/debian buster/main amd64 node-isstream all 0.1.2+dfsg-1 [3546 B]
Get:186 http://deb.debian.org/debian buster/main amd64 node-json-stringify-safe all 5.0.1-1 [4124 B]
Get:187 http://deb.debian.org/debian buster/main amd64 node-oauth-sign all 0.9.0-1 [3676 B]
Get:188 http://deb.debian.org/debian buster/main amd64 node-performance-now all 2.1.0+debian-1 [4442 B]
Get:189 http://deb.debian.org/debian buster/main amd64 node-qs all 6.5.2-1 [16.4 kB]
Get:190 http://deb.debian.org/debian buster/main amd64 node-punycode all 2.1.1-2 [9404 B]
Get:191 http://deb.debian.org/debian buster/main amd64 node-tough-cookie all 2.3.4+dfsg-1 [56.1 kB]
Get:192 http://deb.debian.org/debian buster/main amd64 node-tunnel-agent all 0.6.1-1 [4288 B]
Get:193 http://deb.debian.org/debian buster/main amd64 node-uuid all 3.3.2-2 [18.2 kB]
Get:194 http://deb.debian.org/debian buster/main amd64 node-node-uuid all 3.3.2-2 [5744 B]
Get:195 http://deb.debian.org/debian buster/main amd64 node-request all 2.88.1-2 [53.8 kB]
Get:196 http://deb.debian.org/debian buster/main amd64 node-semver all 5.5.1-1 [23.9 kB]
Get:197 http://deb.debian.org/debian buster/main amd64 node-tar all 4.4.6+ds1-3+deb10u1 [32.3 kB]
Get:198 http://deb.debian.org/debian buster/main amd64 node-gyp all 3.8.0-6 [36.9 kB]
Get:199 http://deb.debian.org/debian buster/main amd64 node-hosted-git-info all 2.7.1-1+deb10u1 [8380 B]
Get:200 http://deb.debian.org/debian buster/main amd64 node-import-lazy all 3.0.0.REALLY.2.1.0-1 [4000 B]
Get:201 http://deb.debian.org/debian buster/main amd64 node-invert-kv all 1.0.0-1 [2862 B]
Get:202 http://deb.debian.org/debian buster/main amd64 node-is-builtin-module all 2.0.0-1 [3156 B]
Get:203 http://deb.debian.org/debian buster/main amd64 node-is-npm all 1.0.0-1 [2836 B]
Get:204 http://deb.debian.org/debian buster/main amd64 node-json-parse-better-errors all 1.0.2-2 [5080 B]
Get:205 http://deb.debian.org/debian buster/main amd64 node-jsonparse all 1.3.1-6 [7012 B]
Get:206 http://deb.debian.org/debian buster/main amd64 node-through all 2.3.8-1 [4182 B]
Get:207 http://deb.debian.org/debian buster/main amd64 node-jsonstream all 1.3.2-1 [8092 B]
Get:208 http://deb.debian.org/debian buster/main amd64 node-minimist all 1.2.0-1+deb10u1 [5856 B]
Get:209 http://deb.debian.org/debian buster/main amd64 node-strip-json-comments all 2.0.1-2 [4016 B]
Get:210 http://deb.debian.org/debian buster/main amd64 node-rc all 1.1.6-2 [6058 B]
Get:211 http://deb.debian.org/debian buster/main amd64 node-registry-url all 3.1.0-1 [3172 B]
Get:212 http://deb.debian.org/debian buster/main amd64 node-registry-auth-token all 3.3.1-1 [5642 B]
Get:213 http://deb.debian.org/debian buster/main amd64 node-package-json all 4.0.1-1 [4180 B]
Get:214 http://deb.debian.org/debian buster/main amd64 node-latest-version all 3.1.0-1 [3128 B]
Get:215 http://deb.debian.org/debian buster/main amd64 node-lazy-property all 1.0.0-3 [3556 B]
Get:216 http://deb.debian.org/debian buster/main amd64 node-lcid all 1.0.0-1 [4232 B]
Get:217 http://deb.debian.org/debian buster/main amd64 node-validate-npm-package-name all 3.0.0-1 [4432 B]
Get:218 http://deb.debian.org/debian buster/main amd64 node-npm-package-arg all 6.0.0-2 [6752 B]
Get:219 http://deb.debian.org/debian buster/main amd64 node-require-directory all 2.1.1-1 [5364 B]
Get:220 http://deb.debian.org/debian buster/main amd64 node-require-main-filename all 1.0.1-1 [3152 B]
Get:221 http://deb.debian.org/debian buster/main amd64 node-which-module all 2.0.0-1 [3792 B]
Get:222 http://deb.debian.org/debian buster/main amd64 node-mimic-fn all 1.1.0-1 [3070 B]
Get:223 http://deb.debian.org/debian buster/main amd64 node-mem all 1.1.0-1 [4076 B]
Get:224 http://deb.debian.org/debian buster/main amd64 node-os-locale all 2.0.0-1 [3702 B]
Get:225 http://deb.debian.org/debian buster/main amd64 node-yargs-parser all 11.1.1-1+deb10u1 [16.7 kB]
Get:226 http://deb.debian.org/debian buster/main amd64 node-yargs all 10.0.3-2 [57.1 kB]
Get:227 http://deb.debian.org/debian buster/main amd64 node-libnpx all 10.2.0+repack-1 [41.8 kB]
Get:228 http://deb.debian.org/debian buster/main amd64 node-lockfile all 1.0.4-1 [7272 B]
Get:229 http://deb.debian.org/debian buster/main amd64 node-mute-stream all 0.0.8-1 [4608 B]
Get:230 http://deb.debian.org/debian buster/main amd64 node-spdx-license-ids all 1.2.2-1 [4754 B]
Get:231 http://deb.debian.org/debian buster/main amd64 node-spdx-correct all 1.0.2-1 [3678 B]
Get:232 http://deb.debian.org/debian buster/main amd64 node-spdx-expression-parse all 1.0.4-1 [12.1 kB]
Get:233 http://deb.debian.org/debian buster/main amd64 node-validate-npm-package-license all 3.0.1-1 [3442 B]
Get:234 http://deb.debian.org/debian buster/main amd64 node-normalize-package-data all 2.4.0-1 [10.8 kB]
Get:235 http://deb.debian.org/debian buster/main amd64 node-opener all 1.4.3-1 [4094 B]
Get:236 http://deb.debian.org/debian buster/main amd64 node-read all 1.0.7-1 [4540 B]
Get:237 http://deb.debian.org/debian buster/main amd64 node-promzard all 0.3.0-1 [8964 B]
Get:238 http://deb.debian.org/debian buster/main amd64 node-qw all 1.0.1-1 [3080 B]
Get:239 http://deb.debian.org/debian buster/main amd64 node-slash all 1.0.0-1 [2976 B]
Get:240 http://deb.debian.org/debian buster/main amd64 node-read-package-json all 2.0.13-1 [8388 B]
Get:241 http://deb.debian.org/debian buster/main amd64 node-resolve-from all 4.0.0-1 [3684 B]
Get:242 http://deb.debian.org/debian buster/main amd64 node-retry all 0.10.1-1 [7980 B]
Get:243 http://deb.debian.org/debian buster/main amd64 node-semver-diff all 2.1.0-2 [3356 B]
Get:244 http://deb.debian.org/debian buster/main amd64 node-sha all 2.0.1-1 [4336 B]
Get:245 http://deb.debian.org/debian buster/main amd64 node-slide all 1.1.6-2 [6292 B]
Get:246 http://deb.debian.org/debian buster/main amd64 node-sorted-object all 2.0.1-1 [3686 B]
Get:247 http://deb.debian.org/debian buster/main amd64 node-stream-iterate all 1.2.0-4 [3736 B]
Get:248 http://deb.debian.org/debian buster/main amd64 node-text-table all 0.2.0-2 [4308 B]
Get:249 http://deb.debian.org/debian buster/main amd64 node-uid-number all 0.0.6-1 [3068 B]
Get:250 http://deb.debian.org/debian buster/main amd64 node-unpipe all 1.0.0-1 [3582 B]
Get:251 http://deb.debian.org/debian buster/main amd64 node-write-file-atomic all 2.3.0-1 [4878 B]
Get:252 http://deb.debian.org/debian buster/main amd64 node-xdg-basedir all 3.0.0-1 [3660 B]
Get:253 http://deb.debian.org/debian buster/main amd64 nodejs-doc all 10.24.0~dfsg-1~deb10u1 [974 kB]
Get:254 http://deb.debian.org/debian buster/main amd64 npm all 5.8.0+ds6-4+deb10u2 [1017 kB]
Fetched 11.1 MB in 4s (2493 kB/s)
debconf: delaying package configuration, since apt-utils is not installed
Selecting previously unselected package build-essential.
(Reading database ... 23987 files and directories currently installed.)
Preparing to unpack .../000-build-essential_12.6_amd64.deb ...
Unpacking build-essential (12.6) ...
Selecting previously unselected package python-pkg-resources.
Preparing to unpack .../001-python-pkg-resources_40.8.0-1_all.deb ...
Unpacking python-pkg-resources (40.8.0-1) ...
Selecting previously unselected package gyp.
Preparing to unpack .../002-gyp_0.1+20180428git4d467626-3_all.deb ...
Unpacking gyp (0.1+20180428git4d467626-3) ...
Selecting previously unselected package javascript-common.
Preparing to unpack .../003-javascript-common_11_all.deb ...
Unpacking javascript-common (11) ...
Selecting previously unselected package libbrotli1:amd64.
Preparing to unpack .../004-libbrotli1_1.0.7-2+deb10u1_amd64.deb ...
Unpacking libbrotli1:amd64 (1.0.7-2+deb10u1) ...
Selecting previously unselected package libc-ares2:amd64.
Preparing to unpack .../005-libc-ares2_1.14.0-1+deb10u1_amd64.deb ...
Unpacking libc-ares2:amd64 (1.14.0-1+deb10u1) ...
Selecting previously unselected package libjs-inherits.
Preparing to unpack .../006-libjs-inherits_2.0.3-1_all.deb ...
Unpacking libjs-inherits (2.0.3-1) ...
Selecting previously unselected package libjs-is-typedarray.
Preparing to unpack .../007-libjs-is-typedarray_1.0.0-2_all.deb ...
Unpacking libjs-is-typedarray (1.0.0-2) ...
Selecting previously unselected package libuv1:amd64.
Preparing to unpack .../008-libuv1_1.24.1-1+deb10u1_amd64.deb ...
Unpacking libuv1:amd64 (1.24.1-1+deb10u1) ...
Selecting previously unselected package libuv1-dev:amd64.
Preparing to unpack .../009-libuv1-dev_1.24.1-1+deb10u1_amd64.deb ...
Unpacking libuv1-dev:amd64 (1.24.1-1+deb10u1) ...
Selecting previously unselected package libnode64:amd64.
Preparing to unpack .../010-libnode64_10.24.0~dfsg-1~deb10u1_amd64.deb ...
Unpacking libnode64:amd64 (10.24.0~dfsg-1~deb10u1) ...
Selecting previously unselected package libnode-dev:amd64.
Preparing to unpack .../011-libnode-dev_10.24.0~dfsg-1~deb10u1_amd64.deb ...
Unpacking libnode-dev:amd64 (10.24.0~dfsg-1~deb10u1) ...
Selecting previously unselected package nodejs.
Preparing to unpack .../012-nodejs_10.24.0~dfsg-1~deb10u1_amd64.deb ...
Unpacking nodejs (10.24.0~dfsg-1~deb10u1) ...
Selecting previously unselected package node-abbrev.
Preparing to unpack .../013-node-abbrev_1.1.1-1_all.deb ...
Unpacking node-abbrev (1.1.1-1) ...
Selecting previously unselected package node-jsonify.
Preparing to unpack .../014-node-jsonify_0.0.0-1_all.deb ...
Unpacking node-jsonify (0.0.0-1) ...
Selecting previously unselected package node-json-stable-stringify.
Preparing to unpack .../015-node-json-stable-stringify_1.0.1-1_all.deb ...
Unpacking node-json-stable-stringify (1.0.1-1) ...
Selecting previously unselected package node-co.
Preparing to unpack .../016-node-co_4.6.0-1_all.deb ...
Unpacking node-co (4.6.0-1) ...
Selecting previously unselected package node-ajv.
Preparing to unpack .../017-node-ajv_5.0.0-1_all.deb ...
Unpacking node-ajv (5.0.0-1) ...
Selecting previously unselected package node-ansi.
Preparing to unpack .../018-node-ansi_0.3.0-3_all.deb ...
Unpacking node-ansi (0.3.0-3) ...
Selecting previously unselected package node-clone.
Preparing to unpack .../019-node-clone_2.1.2-1_all.deb ...
Unpacking node-clone (2.1.2-1) ...
Selecting previously unselected package node-defaults.
Preparing to unpack .../020-node-defaults_1.0.3-1_all.deb ...
Unpacking node-defaults (1.0.3-1) ...
Selecting previously unselected package node-wcwidth.js.
Preparing to unpack .../021-node-wcwidth.js_1.0.0-1_all.deb ...
Unpacking node-wcwidth.js (1.0.0-1) ...
Selecting previously unselected package node-ansi-regex.
Preparing to unpack .../022-node-ansi-regex_3.0.0-1+deb10u1_all.deb ...
Unpacking node-ansi-regex (3.0.0-1+deb10u1) ...
Selecting previously unselected package node-strip-ansi.
Preparing to unpack .../023-node-strip-ansi_4.0.0-1_all.deb ...
Unpacking node-strip-ansi (4.0.0-1) ...
Selecting previously unselected package node-string-width.
Preparing to unpack .../024-node-string-width_2.1.1-1_all.deb ...
Unpacking node-string-width (2.1.1-1) ...
Selecting previously unselected package node-ansi-align.
Preparing to unpack .../025-node-ansi-align_2.0.0-1_all.deb ...
Unpacking node-ansi-align (2.0.0-1) ...
Selecting previously unselected package node-color-name.
Preparing to unpack .../026-node-color-name_1.1.3-1_all.deb ...
Unpacking node-color-name (1.1.3-1) ...
Selecting previously unselected package node-color-convert.
Preparing to unpack .../027-node-color-convert_1.9.0-3_all.deb ...
Unpacking node-color-convert (1.9.0-3) ...
Selecting previously unselected package node-ansi-styles.
Preparing to unpack .../028-node-ansi-styles_3.2.1-1_all.deb ...
Unpacking node-ansi-styles (3.2.1-1) ...
Selecting previously unselected package node-ansistyles.
Preparing to unpack .../029-node-ansistyles_0.1.3-1_all.deb ...
Unpacking node-ansistyles (0.1.3-1) ...
Selecting previously unselected package node-aproba.
Preparing to unpack .../030-node-aproba_1.2.0-1_all.deb ...
Unpacking node-aproba (1.2.0-1) ...
Selecting previously unselected package node-archy.
Preparing to unpack .../031-node-archy_1.0.0-2_all.deb ...
Unpacking node-archy (1.0.0-2) ...
Selecting previously unselected package node-delegates.
Preparing to unpack .../032-node-delegates_1.0.0-1_all.deb ...
Unpacking node-delegates (1.0.0-1) ...
Selecting previously unselected package node-are-we-there-yet.
Preparing to unpack .../033-node-are-we-there-yet_1.1.4-1_all.deb ...
Unpacking node-are-we-there-yet (1.1.4-1) ...
Selecting previously unselected package node-asn1.
Preparing to unpack .../034-node-asn1_0.2.3-1_all.deb ...
Unpacking node-asn1 (0.2.3-1) ...
Selecting previously unselected package node-assert-plus.
Preparing to unpack .../035-node-assert-plus_1.0.0-1_all.deb ...
Unpacking node-assert-plus (1.0.0-1) ...
Selecting previously unselected package node-asynckit.
Preparing to unpack .../036-node-asynckit_0.4.0-2_all.deb ...
Unpacking node-asynckit (0.4.0-2) ...
Selecting previously unselected package node-aws-sign2.
Preparing to unpack .../037-node-aws-sign2_0.7.1-1_all.deb ...
Unpacking node-aws-sign2 (0.7.1-1) ...
Selecting previously unselected package node-aws4.
Preparing to unpack .../038-node-aws4_1.8.0-1_all.deb ...
Unpacking node-aws4 (1.8.0-1) ...
Selecting previously unselected package node-balanced-match.
Preparing to unpack .../039-node-balanced-match_0.4.2-1_all.deb ...
Unpacking node-balanced-match (0.4.2-1) ...
Selecting previously unselected package node-tweetnacl.
Preparing to unpack .../040-node-tweetnacl_0.14.5+dfsg-3_all.deb ...
Unpacking node-tweetnacl (0.14.5+dfsg-3) ...
Selecting previously unselected package node-bcrypt-pbkdf.
Preparing to unpack .../041-node-bcrypt-pbkdf_1.0.1-1_all.deb ...
Unpacking node-bcrypt-pbkdf (1.0.1-1) ...
Selecting previously unselected package node-bluebird.
Preparing to unpack .../042-node-bluebird_3.5.1+dfsg2-2_all.deb ...
Unpacking node-bluebird (3.5.1+dfsg2-2) ...
Selecting previously unselected package node-camelcase.
Preparing to unpack .../043-node-camelcase_5.0.0-1_all.deb ...
Unpacking node-camelcase (5.0.0-1) ...
Selecting previously unselected package node-escape-string-regexp.
Preparing to unpack .../044-node-escape-string-regexp_1.0.5-1_all.deb ...
Unpacking node-escape-string-regexp (1.0.5-1) ...
Selecting previously unselected package node-has-flag.
Preparing to unpack .../045-node-has-flag_2.0.0-1_all.deb ...
Unpacking node-has-flag (2.0.0-1) ...
Selecting previously unselected package node-supports-color.
Preparing to unpack .../046-node-supports-color_4.4.0-2_all.deb ...
Unpacking node-supports-color (4.4.0-2) ...
Selecting previously unselected package node-chalk.
Preparing to unpack .../047-node-chalk_2.3.0-2_all.deb ...
Unpacking node-chalk (2.3.0-2) ...
Selecting previously unselected package node-cli-boxes.
Preparing to unpack .../048-node-cli-boxes_1.0.0-1_all.deb ...
Unpacking node-cli-boxes (1.0.0-1) ...
Selecting previously unselected package node-yallist.
Preparing to unpack .../049-node-yallist_3.0.3-1_all.deb ...
Unpacking node-yallist (3.0.3-1) ...
Selecting previously unselected package node-lru-cache.
Preparing to unpack .../050-node-lru-cache_5.1.1-4_all.deb ...
Unpacking node-lru-cache (5.1.1-4) ...
Selecting previously unselected package node-isexe.
Preparing to unpack .../051-node-isexe_2.0.0-4_all.deb ...
Unpacking node-isexe (2.0.0-4) ...
Selecting previously unselected package node-which.
Preparing to unpack .../052-node-which_1.3.0-2_all.deb ...
Unpacking node-which (1.3.0-2) ...
Selecting previously unselected package node-shebang-regex.
Preparing to unpack .../053-node-shebang-regex_2.0.0-1_all.deb ...
Unpacking node-shebang-regex (2.0.0-1) ...
Selecting previously unselected package node-shebang-command.
Preparing to unpack .../054-node-shebang-command_1.2.0-1_all.deb ...
Unpacking node-shebang-command (1.2.0-1) ...
Selecting previously unselected package node-cross-spawn.
Preparing to unpack .../055-node-cross-spawn_5.1.0-2_all.deb ...
Unpacking node-cross-spawn (5.1.0-2) ...
Selecting previously unselected package node-get-stream.
Preparing to unpack .../056-node-get-stream_3.0.0-1_all.deb ...
Unpacking node-get-stream (3.0.0-1) ...
Selecting previously unselected package node-is-stream.
Preparing to unpack .../057-node-is-stream_1.1.0-1_all.deb ...
Unpacking node-is-stream (1.1.0-1) ...
Selecting previously unselected package node-npm-run-path.
Preparing to unpack .../058-node-npm-run-path_2.0.2-2_all.deb ...
Unpacking node-npm-run-path (2.0.2-2) ...
Selecting previously unselected package node-p-finally.
Preparing to unpack .../059-node-p-finally_1.0.0-2_all.deb ...
Unpacking node-p-finally (1.0.0-2) ...
Selecting previously unselected package node-signal-exit.
Preparing to unpack .../060-node-signal-exit_3.0.2-1_all.deb ...
Unpacking node-signal-exit (3.0.2-1) ...
Selecting previously unselected package node-strip-eof.
Preparing to unpack .../061-node-strip-eof_1.0.0-2_all.deb ...
Unpacking node-strip-eof (1.0.0-2) ...
Selecting previously unselected package node-execa.
Preparing to unpack .../062-node-execa_0.10.0+dfsg-1_all.deb ...
Unpacking node-execa (0.10.0+dfsg-1) ...
Selecting previously unselected package node-term-size.
Preparing to unpack .../063-node-term-size_1.2.0+dfsg-2_all.deb ...
Unpacking node-term-size (1.2.0+dfsg-2) ...
Selecting previously unselected package node-widest-line.
Preparing to unpack .../064-node-widest-line_1.2.2-1_all.deb ...
Unpacking node-widest-line (1.2.2-1) ...
Selecting previously unselected package node-boxen.
Preparing to unpack .../065-node-boxen_1.2.2-1_all.deb ...
Unpacking node-boxen (1.2.2-1) ...
Selecting previously unselected package node-concat-map.
Preparing to unpack .../066-node-concat-map_0.0.1-1_all.deb ...
Unpacking node-concat-map (0.0.1-1) ...
Selecting previously unselected package node-brace-expansion.
Preparing to unpack .../067-node-brace-expansion_1.1.8-1_all.deb ...
Unpacking node-brace-expansion (1.1.8-1) ...
Selecting previously unselected package node-builtin-modules.
Preparing to unpack .../068-node-builtin-modules_3.0.0-1_all.deb ...
Unpacking node-builtin-modules (3.0.0-1) ...
Selecting previously unselected package node-builtins.
Preparing to unpack .../069-node-builtins_1.0.3-1_all.deb ...
Unpacking node-builtins (1.0.3-1) ...
Selecting previously unselected package node-chownr.
Preparing to unpack .../070-node-chownr_1.1.1-1_all.deb ...
Unpacking node-chownr (1.1.1-1) ...
Selecting previously unselected package node-minimatch.
Preparing to unpack .../071-node-minimatch_3.0.4-3_all.deb ...
Unpacking node-minimatch (3.0.4-3) ...
Selecting previously unselected package node-inherits.
Preparing to unpack .../072-node-inherits_2.0.3-1_all.deb ...
Unpacking node-inherits (2.0.3-1) ...
Selecting previously unselected package node-wrappy.
Preparing to unpack .../073-node-wrappy_1.0.2-1_all.deb ...
Unpacking node-wrappy (1.0.2-1) ...
Selecting previously unselected package node-once.
Preparing to unpack .../074-node-once_1.4.0-3_all.deb ...
Unpacking node-once (1.4.0-3) ...
Selecting previously unselected package node-fs.realpath.
Preparing to unpack .../075-node-fs.realpath_1.0.0-1_all.deb ...
Unpacking node-fs.realpath (1.0.0-1) ...
Selecting previously unselected package node-inflight.
Preparing to unpack .../076-node-inflight_1.0.6-1_all.deb ...
Unpacking node-inflight (1.0.6-1) ...
Selecting previously unselected package node-path-is-absolute.
Preparing to unpack .../077-node-path-is-absolute_1.0.0-1_all.deb ...
Unpacking node-path-is-absolute (1.0.0-1) ...
Selecting previously unselected package node-glob.
Preparing to unpack .../078-node-glob_7.1.3-2_all.deb ...
Unpacking node-glob (7.1.3-2) ...
Selecting previously unselected package node-graceful-fs.
Preparing to unpack .../079-node-graceful-fs_4.1.11-1_all.deb ...
Unpacking node-graceful-fs (4.1.11-1) ...
Selecting previously unselected package node-typedarray.
Preparing to unpack .../080-node-typedarray_0.0.6-1_all.deb ...
Unpacking node-typedarray (0.0.6-1) ...
Selecting previously unselected package node-concat-stream.
Preparing to unpack .../081-node-concat-stream_1.6.2-1_all.deb ...
Unpacking node-concat-stream (1.6.2-1) ...
Selecting previously unselected package node-end-of-stream.
Preparing to unpack .../082-node-end-of-stream_1.4.1-1_all.deb ...
Unpacking node-end-of-stream (1.4.1-1) ...
Selecting previously unselected package node-core-util-is.
Preparing to unpack .../083-node-core-util-is_1.0.2-1_all.deb ...
Unpacking node-core-util-is (1.0.2-1) ...
Selecting previously unselected package node-safe-buffer.
Preparing to unpack .../084-node-safe-buffer_5.1.2-1_all.deb ...
Unpacking node-safe-buffer (5.1.2-1) ...
Selecting previously unselected package node-string-decoder.
Preparing to unpack .../085-node-string-decoder_1.2.0-1_all.deb ...
Unpacking node-string-decoder (1.2.0-1) ...
Selecting previously unselected package node-process-nextick-args.
Preparing to unpack .../086-node-process-nextick-args_2.0.0-1_all.deb ...
Unpacking node-process-nextick-args (2.0.0-1) ...
Selecting previously unselected package node-util-deprecate.
Preparing to unpack .../087-node-util-deprecate_1.0.2-1_all.deb ...
Unpacking node-util-deprecate (1.0.2-1) ...
Selecting previously unselected package node-isarray.
Preparing to unpack .../088-node-isarray_2.0.4-1_all.deb ...
Unpacking node-isarray (2.0.4-1) ...
Selecting previously unselected package node-readable-stream.
Preparing to unpack .../089-node-readable-stream_2.3.6-1_all.deb ...
Unpacking node-readable-stream (2.3.6-1) ...
Selecting previously unselected package node-stream-shift.
Preparing to unpack .../090-node-stream-shift_1.0.0-1_all.deb ...
Unpacking node-stream-shift (1.0.0-1) ...
Selecting previously unselected package node-duplexify.
Preparing to unpack .../091-node-duplexify_3.6.1-1_all.deb ...
Unpacking node-duplexify (3.6.1-1) ...
Selecting previously unselected package node-flush-write-stream.
Preparing to unpack .../092-node-flush-write-stream_1.0.3-1_all.deb ...
Unpacking node-flush-write-stream (1.0.3-1) ...
Selecting previously unselected package node-from2.
Preparing to unpack .../093-node-from2_2.3.0-1_all.deb ...
Unpacking node-from2 (2.3.0-1) ...
Selecting previously unselected package node-cyclist.
Preparing to unpack .../094-node-cyclist_1.0.1-2_all.deb ...
Unpacking node-cyclist (1.0.1-2) ...
Selecting previously unselected package node-parallel-transform.
Preparing to unpack .../095-node-parallel-transform_1.1.0-2_all.deb ...
Unpacking node-parallel-transform (1.1.0-2) ...
Selecting previously unselected package node-pump.
Preparing to unpack .../096-node-pump_3.0.0-1_all.deb ...
Unpacking node-pump (3.0.0-1) ...
Selecting previously unselected package node-pumpify.
Preparing to unpack .../097-node-pumpify_1.5.1-1_all.deb ...
Unpacking node-pumpify (1.5.1-1) ...
Selecting previously unselected package node-stream-each.
Preparing to unpack .../098-node-stream-each_1.2.2-2_all.deb ...
Unpacking node-stream-each (1.2.2-2) ...
Selecting previously unselected package node-xtend.
Preparing to unpack .../099-node-xtend_4.0.1-2_all.deb ...
Unpacking node-xtend (4.0.1-2) ...
Selecting previously unselected package node-through2.
Preparing to unpack .../100-node-through2_2.0.5-2_all.deb ...
Unpacking node-through2 (2.0.5-2) ...
Selecting previously unselected package node-mississippi.
Preparing to unpack .../101-node-mississippi_3.0.0-1_all.deb ...
Unpacking node-mississippi (3.0.0-1) ...
Selecting previously unselected package node-mkdirp.
Preparing to unpack .../102-node-mkdirp_0.5.1-1_all.deb ...
Unpacking node-mkdirp (0.5.1-1) ...
Selecting previously unselected package node-run-queue.
Preparing to unpack .../103-node-run-queue_1.0.3-1_all.deb ...
Unpacking node-run-queue (1.0.3-1) ...
Selecting previously unselected package node-rimraf.
Preparing to unpack .../104-node-rimraf_2.6.2-1_all.deb ...
Unpacking node-rimraf (2.6.2-1) ...
Selecting previously unselected package node-imurmurhash.
Preparing to unpack .../105-node-imurmurhash_0.1.4-1_all.deb ...
Unpacking node-imurmurhash (0.1.4-1) ...
Selecting previously unselected package node-iferr.
Preparing to unpack .../106-node-iferr_1.0.2-1_all.deb ...
Unpacking node-iferr (1.0.2-1) ...
Selecting previously unselected package node-fs-write-stream-atomic.
Preparing to unpack .../107-node-fs-write-stream-atomic_1.0.10-4_all.deb ...
Unpacking node-fs-write-stream-atomic (1.0.10-4) ...
Selecting previously unselected package node-copy-concurrently.
Preparing to unpack .../108-node-copy-concurrently_1.0.5-4_all.deb ...
Unpacking node-copy-concurrently (1.0.5-4) ...
Selecting previously unselected package node-move-concurrently.
Preparing to unpack .../109-node-move-concurrently_1.0.1-2_all.deb ...
Unpacking node-move-concurrently (1.0.1-2) ...
Selecting previously unselected package node-promise-inflight.
Preparing to unpack .../110-node-promise-inflight_1.0.1-1_all.deb ...
Unpacking node-promise-inflight (1.0.1-1) ...
Selecting previously unselected package node-ssri.
Preparing to unpack .../111-node-ssri_5.2.4-2_all.deb ...
Unpacking node-ssri (5.2.4-2) ...
Selecting previously unselected package node-unique-filename.
Preparing to unpack .../112-node-unique-filename_1.1.0+ds-2_all.deb ...
Unpacking node-unique-filename (1.1.0+ds-2) ...
Selecting previously unselected package node-y18n.
Preparing to unpack .../113-node-y18n_3.2.1-2+deb10u1_all.deb ...
Unpacking node-y18n (3.2.1-2+deb10u1) ...
Selecting previously unselected package node-cacache.
Preparing to unpack .../114-node-cacache_11.3.2-2_all.deb ...
Unpacking node-cacache (11.3.2-2) ...
Selecting previously unselected package node-call-limit.
Preparing to unpack .../115-node-call-limit_1.1.0-1_all.deb ...
Unpacking node-call-limit (1.1.0-1) ...
Selecting previously unselected package node-caseless.
Preparing to unpack .../116-node-caseless_0.12.0-1_all.deb ...
Unpacking node-caseless (0.12.0-1) ...
Selecting previously unselected package node-wrap-ansi.
Preparing to unpack .../117-node-wrap-ansi_4.0.0-1_all.deb ...
Unpacking node-wrap-ansi (4.0.0-1) ...
Selecting previously unselected package node-cliui.
Preparing to unpack .../118-node-cliui_4.1.0-1_all.deb ...
Unpacking node-cliui (4.1.0-1) ...
Selecting previously unselected package node-delayed-stream.
Preparing to unpack .../119-node-delayed-stream_0.0.5-1_all.deb ...
Unpacking node-delayed-stream (0.0.5-1) ...
Selecting previously unselected package node-combined-stream.
Preparing to unpack .../120-node-combined-stream_1.0.7-1_all.deb ...
Unpacking node-combined-stream (1.0.7-1) ...
Selecting previously unselected package node-proto-list.
Preparing to unpack .../121-node-proto-list_1.2.4-1_all.deb ...
Unpacking node-proto-list (1.2.4-1) ...
Selecting previously unselected package node-ini.
Preparing to unpack .../122-node-ini_1.3.5-1+deb10u1_all.deb ...
Unpacking node-ini (1.3.5-1+deb10u1) ...
Selecting previously unselected package node-config-chain.
Preparing to unpack .../123-node-config-chain_1.1.11-1_all.deb ...
Unpacking node-config-chain (1.1.11-1) ...
Selecting previously unselected package node-console-control-strings.
Preparing to unpack .../124-node-console-control-strings_1.1.0-1_all.deb ...
Unpacking node-console-control-strings (1.1.0-1) ...
Selecting previously unselected package node-dashdash.
Preparing to unpack .../125-node-dashdash_1.14.1-2_all.deb ...
Unpacking node-dashdash (1.14.1-2) ...
Selecting previously unselected package node-decamelize.
Preparing to unpack .../126-node-decamelize_1.2.0-1_all.deb ...
Unpacking node-decamelize (1.2.0-1) ...
Selecting previously unselected package node-mimic-response.
Preparing to unpack .../127-node-mimic-response_1.0.0-1_all.deb ...
Unpacking node-mimic-response (1.0.0-1) ...
Selecting previously unselected package node-decompress-response.
Preparing to unpack .../128-node-decompress-response_3.3.0-1_all.deb ...
Unpacking node-decompress-response (3.3.0-1) ...
Selecting previously unselected package node-deep-extend.
Preparing to unpack .../129-node-deep-extend_0.4.1-2_all.deb ...
Unpacking node-deep-extend (0.4.1-2) ...
Selecting previously unselected package node-detect-indent.
Preparing to unpack .../130-node-detect-indent_5.0.0-1_all.deb ...
Unpacking node-detect-indent (5.0.0-1) ...
Selecting previously unselected package node-detect-newline.
Preparing to unpack .../131-node-detect-newline_2.1.0-1_all.deb ...
Unpacking node-detect-newline (2.1.0-1) ...
Selecting previously unselected package node-duplexer3.
Preparing to unpack .../132-node-duplexer3_0.1.4-4_all.deb ...
Unpacking node-duplexer3 (0.1.4-4) ...
Selecting previously unselected package node-jsbn.
Preparing to unpack .../133-node-jsbn_1.1.0-1_all.deb ...
Unpacking node-jsbn (1.1.0-1) ...
Selecting previously unselected package node-ecc-jsbn.
Preparing to unpack .../134-node-ecc-jsbn_0.1.1-1_all.deb ...
Unpacking node-ecc-jsbn (0.1.1-1) ...
Selecting previously unselected package node-editor.
Preparing to unpack .../135-node-editor_1.0.0-1_all.deb ...
Unpacking node-editor (1.0.0-1) ...
Selecting previously unselected package node-iconv-lite.
Preparing to unpack .../136-node-iconv-lite_0.4.13-2_all.deb ...
Unpacking node-iconv-lite (0.4.13-2) ...
Selecting previously unselected package node-encoding.
Preparing to unpack .../137-node-encoding_0.1.12-2_all.deb ...
Unpacking node-encoding (0.1.12-2) ...
Selecting previously unselected package node-prr.
Preparing to unpack .../138-node-prr_1.0.1-1_all.deb ...
Unpacking node-prr (1.0.1-1) ...
Selecting previously unselected package node-errno.
Preparing to unpack .../139-node-errno_0.1.4-1_all.deb ...
Unpacking node-errno (0.1.4-1) ...
Selecting previously unselected package node-extend.
Preparing to unpack .../140-node-extend_3.0.2-1_all.deb ...
Unpacking node-extend (3.0.2-1) ...
Selecting previously unselected package node-extsprintf.
Preparing to unpack .../141-node-extsprintf_1.3.0-1_all.deb ...
Unpacking node-extsprintf (1.3.0-1) ...
Selecting previously unselected package node-p-limit.
Preparing to unpack .../142-node-p-limit_1.1.0-1_all.deb ...
Unpacking node-p-limit (1.1.0-1) ...
Selecting previously unselected package node-p-locate.
Preparing to unpack .../143-node-p-locate_2.0.0-1_all.deb ...
Unpacking node-p-locate (2.0.0-1) ...
Selecting previously unselected package node-path-exists.
Preparing to unpack .../144-node-path-exists_3.0.0-1_all.deb ...
Unpacking node-path-exists (3.0.0-1) ...
Selecting previously unselected package node-locate-path.
Preparing to unpack .../145-node-locate-path_2.0.0-1_all.deb ...
Unpacking node-locate-path (2.0.0-1) ...
Selecting previously unselected package node-find-up.
Preparing to unpack .../146-node-find-up_2.1.0-1_all.deb ...
Unpacking node-find-up (2.1.0-1) ...
Selecting previously unselected package node-forever-agent.
Preparing to unpack .../147-node-forever-agent_0.6.1-1_all.deb ...
Unpacking node-forever-agent (0.6.1-1) ...
Selecting previously unselected package node-mime-types.
Preparing to unpack .../148-node-mime-types_2.1.21-1_all.deb ...
Unpacking node-mime-types (2.1.21-1) ...
Selecting previously unselected package node-form-data.
Preparing to unpack .../149-node-form-data_2.3.2-2_all.deb ...
Unpacking node-form-data (2.3.2-2) ...
Selecting previously unselected package node-path-is-inside.
Preparing to unpack .../150-node-path-is-inside_1.0.2-1_all.deb ...
Unpacking node-path-is-inside (1.0.2-1) ...
Selecting previously unselected package node-fs-vacuum.
Preparing to unpack .../151-node-fs-vacuum_1.2.10-2_all.deb ...
Unpacking node-fs-vacuum (1.2.10-2) ...
Selecting previously unselected package node-object-assign.
Preparing to unpack .../152-node-object-assign_4.1.1-2_all.deb ...
Unpacking node-object-assign (4.1.1-2) ...
Selecting previously unselected package node-has-unicode.
Preparing to unpack .../153-node-has-unicode_2.0.1-2_all.deb ...
Unpacking node-has-unicode (2.0.1-2) ...
Selecting previously unselected package node-wide-align.
Preparing to unpack .../154-node-wide-align_1.1.0-1_all.deb ...
Unpacking node-wide-align (1.1.0-1) ...
Selecting previously unselected package node-gauge.
Preparing to unpack .../155-node-gauge_2.7.4-1_all.deb ...
Unpacking node-gauge (2.7.4-1) ...
Selecting previously unselected package node-get-caller-file.
Preparing to unpack .../156-node-get-caller-file_1.0.2-1_all.deb ...
Unpacking node-get-caller-file (1.0.2-1) ...
Selecting previously unselected package node-getpass.
Preparing to unpack .../157-node-getpass_0.1.7-1_all.deb ...
Unpacking node-getpass (0.1.7-1) ...
Selecting previously unselected package node-is-retry-allowed.
Preparing to unpack .../158-node-is-retry-allowed_1.1.0-1_all.deb ...
Unpacking node-is-retry-allowed (1.1.0-1) ...
Selecting previously unselected package node-p-cancelable.
Preparing to unpack .../159-node-p-cancelable_0.3.0-1_all.deb ...
Unpacking node-p-cancelable (0.3.0-1) ...
Selecting previously unselected package node-p-timeout.
Preparing to unpack .../160-node-p-timeout_1.2.0-1_all.deb ...
Unpacking node-p-timeout (1.2.0-1) ...
Selecting previously unselected package node-is-plain-obj.
Preparing to unpack .../161-node-is-plain-obj_1.1.0-1_all.deb ...
Unpacking node-is-plain-obj (1.1.0-1) ...
Selecting previously unselected package node-url-to-options.
Preparing to unpack .../162-node-url-to-options_1.0.1-1_all.deb ...
Unpacking node-url-to-options (1.0.1-1) ...
Selecting previously unselected package node-timed-out.
Preparing to unpack .../163-node-timed-out_4.0.1-4_all.deb ...
Unpacking node-timed-out (4.0.1-4) ...
Selecting previously unselected package node-lowercase-keys.
Preparing to unpack .../164-node-lowercase-keys_1.0.0-2_all.deb ...
Unpacking node-lowercase-keys (1.0.0-2) ...
Selecting previously unselected package node-is-object.
Preparing to unpack .../165-node-is-object_1.0.1-1_all.deb ...
Unpacking node-is-object (1.0.1-1) ...
Selecting previously unselected package node-has-symbol-support-x.
Preparing to unpack .../166-node-has-symbol-support-x_1.4.1+dfsg-1_all.deb ...
Unpacking node-has-symbol-support-x (1.4.1+dfsg-1) ...
Selecting previously unselected package node-has-to-string-tag-x.
Preparing to unpack .../167-node-has-to-string-tag-x_1.4.1+dfsg-1_all.deb ...
Unpacking node-has-to-string-tag-x (1.4.1+dfsg-1) ...
Selecting previously unselected package node-isurl.
Preparing to unpack .../168-node-isurl_1.0.0-1_all.deb ...
Unpacking node-isurl (1.0.0-1) ...
Selecting previously unselected package node-prepend-http.
Preparing to unpack .../169-node-prepend-http_2.0.0-1_all.deb ...
Unpacking node-prepend-http (2.0.0-1) ...
Selecting previously unselected package node-url-parse-lax.
Preparing to unpack .../170-node-url-parse-lax_1.0.0-1_all.deb ...
Unpacking node-url-parse-lax (1.0.0-1) ...
Selecting previously unselected package node-got.
Preparing to unpack .../171-node-got_7.1.0-1_all.deb ...
Unpacking node-got (7.1.0-1) ...
Selecting previously unselected package node-nopt.
Preparing to unpack .../172-node-nopt_3.0.6-3_all.deb ...
Unpacking node-nopt (3.0.6-3) ...
Selecting previously unselected package node-set-blocking.
Preparing to unpack .../173-node-set-blocking_2.0.0-1_all.deb ...
Unpacking node-set-blocking (2.0.0-1) ...
Selecting previously unselected package node-npmlog.
Preparing to unpack .../174-node-npmlog_4.1.2-1_all.deb ...
Unpacking node-npmlog (4.1.2-1) ...
Selecting previously unselected package node-osenv.
Preparing to unpack .../175-node-osenv_0.1.5-1_all.deb ...
Unpacking node-osenv (0.1.5-1) ...
Selecting previously unselected package node-har-schema.
Preparing to unpack .../176-node-har-schema_2.0.0-1_all.deb ...
Unpacking node-har-schema (2.0.0-1) ...
Selecting previously unselected package node-har-validator.
Preparing to unpack .../177-node-har-validator_5.1.0-1_all.deb ...
Unpacking node-har-validator (5.1.0-1) ...
Selecting previously unselected package node-json-schema.
Preparing to unpack .../178-node-json-schema_0.2.3-1_all.deb ...
Unpacking node-json-schema (0.2.3-1) ...
Selecting previously unselected package node-verror.
Preparing to unpack .../179-node-verror_1.10.0-1_all.deb ...
Unpacking node-verror (1.10.0-1) ...
Selecting previously unselected package node-jsprim.
Preparing to unpack .../180-node-jsprim_1.4.0-1_all.deb ...
Unpacking node-jsprim (1.4.0-1) ...
Selecting previously unselected package node-sshpk.
Preparing to unpack .../181-node-sshpk_1.13.1+dfsg-2_all.deb ...
Unpacking node-sshpk (1.13.1+dfsg-2) ...
Selecting previously unselected package node-http-signature.
Preparing to unpack .../182-node-http-signature_1.2.0-1_all.deb ...
Unpacking node-http-signature (1.2.0-1) ...
Selecting previously unselected package node-is-typedarray.
Preparing to unpack .../183-node-is-typedarray_1.0.0-2_all.deb ...
Unpacking node-is-typedarray (1.0.0-2) ...
Selecting previously unselected package node-isstream.
Preparing to unpack .../184-node-isstream_0.1.2+dfsg-1_all.deb ...
Unpacking node-isstream (0.1.2+dfsg-1) ...
Selecting previously unselected package node-json-stringify-safe.
Preparing to unpack .../185-node-json-stringify-safe_5.0.1-1_all.deb ...
Unpacking node-json-stringify-safe (5.0.1-1) ...
Selecting previously unselected package node-oauth-sign.
Preparing to unpack .../186-node-oauth-sign_0.9.0-1_all.deb ...
Unpacking node-oauth-sign (0.9.0-1) ...
Selecting previously unselected package node-performance-now.
Preparing to unpack .../187-node-performance-now_2.1.0+debian-1_all.deb ...
Unpacking node-performance-now (2.1.0+debian-1) ...
Selecting previously unselected package node-qs.
Preparing to unpack .../188-node-qs_6.5.2-1_all.deb ...
Unpacking node-qs (6.5.2-1) ...
Selecting previously unselected package node-punycode.
Preparing to unpack .../189-node-punycode_2.1.1-2_all.deb ...
Unpacking node-punycode (2.1.1-2) ...
Selecting previously unselected package node-tough-cookie.
Preparing to unpack .../190-node-tough-cookie_2.3.4+dfsg-1_all.deb ...
Unpacking node-tough-cookie (2.3.4+dfsg-1) ...
Selecting previously unselected package node-tunnel-agent.
Preparing to unpack .../191-node-tunnel-agent_0.6.1-1_all.deb ...
Unpacking node-tunnel-agent (0.6.1-1) ...
Selecting previously unselected package node-uuid.
Preparing to unpack .../192-node-uuid_3.3.2-2_all.deb ...
Unpacking node-uuid (3.3.2-2) ...
Selecting previously unselected package node-node-uuid.
Preparing to unpack .../193-node-node-uuid_3.3.2-2_all.deb ...
Unpacking node-node-uuid (3.3.2-2) ...
Selecting previously unselected package node-request.
Preparing to unpack .../194-node-request_2.88.1-2_all.deb ...
Unpacking node-request (2.88.1-2) ...
Selecting previously unselected package node-semver.
Preparing to unpack .../195-node-semver_5.5.1-1_all.deb ...
Unpacking node-semver (5.5.1-1) ...
Selecting previously unselected package node-tar.
Preparing to unpack .../196-node-tar_4.4.6+ds1-3+deb10u1_all.deb ...
Unpacking node-tar (4.4.6+ds1-3+deb10u1) ...
Selecting previously unselected package node-gyp.
Preparing to unpack .../197-node-gyp_3.8.0-6_all.deb ...
Unpacking node-gyp (3.8.0-6) ...
Selecting previously unselected package node-hosted-git-info.
Preparing to unpack .../198-node-hosted-git-info_2.7.1-1+deb10u1_all.deb ...
Unpacking node-hosted-git-info (2.7.1-1+deb10u1) ...
Selecting previously unselected package node-import-lazy.
Preparing to unpack .../199-node-import-lazy_3.0.0.REALLY.2.1.0-1_all.deb ...
Unpacking node-import-lazy (3.0.0.REALLY.2.1.0-1) ...
Selecting previously unselected package node-invert-kv.
Preparing to unpack .../200-node-invert-kv_1.0.0-1_all.deb ...
Unpacking node-invert-kv (1.0.0-1) ...
Selecting previously unselected package node-is-builtin-module.
Preparing to unpack .../201-node-is-builtin-module_2.0.0-1_all.deb ...
Unpacking node-is-builtin-module (2.0.0-1) ...
Selecting previously unselected package node-is-npm.
Preparing to unpack .../202-node-is-npm_1.0.0-1_all.deb ...
Unpacking node-is-npm (1.0.0-1) ...
Selecting previously unselected package node-json-parse-better-errors.
Preparing to unpack .../203-node-json-parse-better-errors_1.0.2-2_all.deb ...
Unpacking node-json-parse-better-errors (1.0.2-2) ...
Selecting previously unselected package node-jsonparse.
Preparing to unpack .../204-node-jsonparse_1.3.1-6_all.deb ...
Unpacking node-jsonparse (1.3.1-6) ...
Selecting previously unselected package node-through.
Preparing to unpack .../205-node-through_2.3.8-1_all.deb ...
Unpacking node-through (2.3.8-1) ...
Selecting previously unselected package node-jsonstream.
Preparing to unpack .../206-node-jsonstream_1.3.2-1_all.deb ...
Unpacking node-jsonstream (1.3.2-1) ...
Selecting previously unselected package node-minimist.
Preparing to unpack .../207-node-minimist_1.2.0-1+deb10u1_all.deb ...
Unpacking node-minimist (1.2.0-1+deb10u1) ...
Selecting previously unselected package node-strip-json-comments.
Preparing to unpack .../208-node-strip-json-comments_2.0.1-2_all.deb ...
Unpacking node-strip-json-comments (2.0.1-2) ...
Selecting previously unselected package node-rc.
Preparing to unpack .../209-node-rc_1.1.6-2_all.deb ...
Unpacking node-rc (1.1.6-2) ...
Selecting previously unselected package node-registry-url.
Preparing to unpack .../210-node-registry-url_3.1.0-1_all.deb ...
Unpacking node-registry-url (3.1.0-1) ...
Selecting previously unselected package node-registry-auth-token.
Preparing to unpack .../211-node-registry-auth-token_3.3.1-1_all.deb ...
Unpacking node-registry-auth-token (3.3.1-1) ...
Selecting previously unselected package node-package-json.
Preparing to unpack .../212-node-package-json_4.0.1-1_all.deb ...
Unpacking node-package-json (4.0.1-1) ...
Selecting previously unselected package node-latest-version.
Preparing to unpack .../213-node-latest-version_3.1.0-1_all.deb ...
Unpacking node-latest-version (3.1.0-1) ...
Selecting previously unselected package node-lazy-property.
Preparing to unpack .../214-node-lazy-property_1.0.0-3_all.deb ...
Unpacking node-lazy-property (1.0.0-3) ...
Selecting previously unselected package node-lcid.
Preparing to unpack .../215-node-lcid_1.0.0-1_all.deb ...
Unpacking node-lcid (1.0.0-1) ...
Selecting previously unselected package node-validate-npm-package-name.
Preparing to unpack .../216-node-validate-npm-package-name_3.0.0-1_all.deb ...
Unpacking node-validate-npm-package-name (3.0.0-1) ...
Selecting previously unselected package node-npm-package-arg.
Preparing to unpack .../217-node-npm-package-arg_6.0.0-2_all.deb ...
Unpacking node-npm-package-arg (6.0.0-2) ...
Selecting previously unselected package node-require-directory.
Preparing to unpack .../218-node-require-directory_2.1.1-1_all.deb ...
Unpacking node-require-directory (2.1.1-1) ...
Selecting previously unselected package node-require-main-filename.
Preparing to unpack .../219-node-require-main-filename_1.0.1-1_all.deb ...
Unpacking node-require-main-filename (1.0.1-1) ...
Selecting previously unselected package node-which-module.
Preparing to unpack .../220-node-which-module_2.0.0-1_all.deb ...
Unpacking node-which-module (2.0.0-1) ...
Selecting previously unselected package node-mimic-fn.
Preparing to unpack .../221-node-mimic-fn_1.1.0-1_all.deb ...
Unpacking node-mimic-fn (1.1.0-1) ...
Selecting previously unselected package node-mem.
Preparing to unpack .../222-node-mem_1.1.0-1_all.deb ...
Unpacking node-mem (1.1.0-1) ...
Selecting previously unselected package node-os-locale.
Preparing to unpack .../223-node-os-locale_2.0.0-1_all.deb ...
Unpacking node-os-locale (2.0.0-1) ...
Selecting previously unselected package node-yargs-parser.
Preparing to unpack .../224-node-yargs-parser_11.1.1-1+deb10u1_all.deb ...
Unpacking node-yargs-parser (11.1.1-1+deb10u1) ...
Selecting previously unselected package node-yargs.
Preparing to unpack .../225-node-yargs_10.0.3-2_all.deb ...
Unpacking node-yargs (10.0.3-2) ...
Selecting previously unselected package node-libnpx.
Preparing to unpack .../226-node-libnpx_10.2.0+repack-1_all.deb ...
Unpacking node-libnpx (10.2.0+repack-1) ...
Selecting previously unselected package node-lockfile.
Preparing to unpack .../227-node-lockfile_1.0.4-1_all.deb ...
Unpacking node-lockfile (1.0.4-1) ...
Selecting previously unselected package node-mute-stream.
Preparing to unpack .../228-node-mute-stream_0.0.8-1_all.deb ...
Unpacking node-mute-stream (0.0.8-1) ...
Selecting previously unselected package node-spdx-license-ids.
Preparing to unpack .../229-node-spdx-license-ids_1.2.2-1_all.deb ...
Unpacking node-spdx-license-ids (1.2.2-1) ...
Selecting previously unselected package node-spdx-correct.
Preparing to unpack .../230-node-spdx-correct_1.0.2-1_all.deb ...
Unpacking node-spdx-correct (1.0.2-1) ...
Selecting previously unselected package node-spdx-expression-parse.
Preparing to unpack .../231-node-spdx-expression-parse_1.0.4-1_all.deb ...
Unpacking node-spdx-expression-parse (1.0.4-1) ...
Selecting previously unselected package node-validate-npm-package-license.
Preparing to unpack .../232-node-validate-npm-package-license_3.0.1-1_all.deb ...
Unpacking node-validate-npm-package-license (3.0.1-1) ...
Selecting previously unselected package node-normalize-package-data.
Preparing to unpack .../233-node-normalize-package-data_2.4.0-1_all.deb ...
Unpacking node-normalize-package-data (2.4.0-1) ...
Selecting previously unselected package node-opener.
Preparing to unpack .../234-node-opener_1.4.3-1_all.deb ...
Unpacking node-opener (1.4.3-1) ...
Selecting previously unselected package node-read.
Preparing to unpack .../235-node-read_1.0.7-1_all.deb ...
Unpacking node-read (1.0.7-1) ...
Selecting previously unselected package node-promzard.
Preparing to unpack .../236-node-promzard_0.3.0-1_all.deb ...
Unpacking node-promzard (0.3.0-1) ...
Selecting previously unselected package node-qw.
Preparing to unpack .../237-node-qw_1.0.1-1_all.deb ...
Unpacking node-qw (1.0.1-1) ...
Selecting previously unselected package node-slash.
Preparing to unpack .../238-node-slash_1.0.0-1_all.deb ...
Unpacking node-slash (1.0.0-1) ...
Selecting previously unselected package node-read-package-json.
Preparing to unpack .../239-node-read-package-json_2.0.13-1_all.deb ...
Unpacking node-read-package-json (2.0.13-1) ...
Selecting previously unselected package node-resolve-from.
Preparing to unpack .../240-node-resolve-from_4.0.0-1_all.deb ...
Unpacking node-resolve-from (4.0.0-1) ...
Selecting previously unselected package node-retry.
Preparing to unpack .../241-node-retry_0.10.1-1_all.deb ...
Unpacking node-retry (0.10.1-1) ...
Selecting previously unselected package node-semver-diff.
Preparing to unpack .../242-node-semver-diff_2.1.0-2_all.deb ...
Unpacking node-semver-diff (2.1.0-2) ...
Selecting previously unselected package node-sha.
Preparing to unpack .../243-node-sha_2.0.1-1_all.deb ...
Unpacking node-sha (2.0.1-1) ...
Selecting previously unselected package node-slide.
Preparing to unpack .../244-node-slide_1.1.6-2_all.deb ...
Unpacking node-slide (1.1.6-2) ...
Selecting previously unselected package node-sorted-object.
Preparing to unpack .../245-node-sorted-object_2.0.1-1_all.deb ...
Unpacking node-sorted-object (2.0.1-1) ...
Selecting previously unselected package node-stream-iterate.
Preparing to unpack .../246-node-stream-iterate_1.2.0-4_all.deb ...
Unpacking node-stream-iterate (1.2.0-4) ...
Selecting previously unselected package node-text-table.
Preparing to unpack .../247-node-text-table_0.2.0-2_all.deb ...
Unpacking node-text-table (0.2.0-2) ...
Selecting previously unselected package node-uid-number.
Preparing to unpack .../248-node-uid-number_0.0.6-1_all.deb ...
Unpacking node-uid-number (0.0.6-1) ...
Selecting previously unselected package node-unpipe.
Preparing to unpack .../249-node-unpipe_1.0.0-1_all.deb ...
Unpacking node-unpipe (1.0.0-1) ...
Selecting previously unselected package node-write-file-atomic.
Preparing to unpack .../250-node-write-file-atomic_2.3.0-1_all.deb ...
Unpacking node-write-file-atomic (2.3.0-1) ...
Selecting previously unselected package node-xdg-basedir.
Preparing to unpack .../251-node-xdg-basedir_3.0.0-1_all.deb ...
Unpacking node-xdg-basedir (3.0.0-1) ...
Selecting previously unselected package nodejs-doc.
Preparing to unpack .../252-nodejs-doc_10.24.0~dfsg-1~deb10u1_all.deb ...
Unpacking nodejs-doc (10.24.0~dfsg-1~deb10u1) ...
Selecting previously unselected package npm.
Preparing to unpack .../253-npm_5.8.0+ds6-4+deb10u2_all.deb ...
Unpacking npm (5.8.0+ds6-4+deb10u2) ...
Setting up javascript-common (11) ...
Setting up libjs-inherits (2.0.3-1) ...
Setting up python-pkg-resources (40.8.0-1) ...
Setting up libbrotli1:amd64 (1.0.7-2+deb10u1) ...
Setting up libc-ares2:amd64 (1.14.0-1+deb10u1) ...
Setting up libuv1:amd64 (1.24.1-1+deb10u1) ...
Setting up libnode64:amd64 (10.24.0~dfsg-1~deb10u1) ...
Setting up nodejs-doc (10.24.0~dfsg-1~deb10u1) ...
Setting up build-essential (12.6) ...
Setting up libjs-is-typedarray (1.0.0-2) ...
Setting up gyp (0.1+20180428git4d467626-3) ...
Setting up libuv1-dev:amd64 (1.24.1-1+deb10u1) ...
Setting up libnode-dev:amd64 (10.24.0~dfsg-1~deb10u1) ...
Setting up nodejs (10.24.0~dfsg-1~deb10u1) ...
update-alternatives: using /usr/bin/nodejs to provide /usr/bin/js (js) in auto mode
Setting up node-minimist (1.2.0-1+deb10u1) ...
Setting up node-aws4 (1.8.0-1) ...
Setting up node-prepend-http (2.0.0-1) ...
Setting up node-typedarray (0.0.6-1) ...
Setting up node-clone (2.1.2-1) ...
Setting up node-iferr (1.0.2-1) ...
Setting up node-chownr (1.1.1-1) ...
Setting up node-has-flag (2.0.0-1) ...
Setting up node-inherits (2.0.3-1) ...
Setting up node-builtin-modules (3.0.0-1) ...
Setting up node-path-is-absolute (1.0.0-1) ...
Setting up node-ini (1.3.5-1+deb10u1) ...
Setting up node-iconv-lite (0.4.13-2) ...
Setting up node-is-npm (1.0.0-1) ...
Setting up node-safe-buffer (5.1.2-1) ...
Setting up node-promise-inflight (1.0.1-1) ...
Setting up node-json-stringify-safe (5.0.1-1) ...
Setting up node-json-parse-better-errors (1.0.2-2) ...
Setting up node-y18n (3.2.1-2+deb10u1) ...
Setting up node-detect-newline (2.1.0-1) ...
Setting up node-shebang-regex (2.0.0-1) ...
Setting up node-har-schema (2.0.0-1) ...
Setting up node-mime-types (2.1.21-1) ...
Setting up node-performance-now (2.1.0+debian-1) ...
Setting up node-resolve-from (4.0.0-1) ...
Setting up node-balanced-match (0.4.2-1) ...
Setting up node-ansi (0.3.0-3) ...
Setting up node-is-object (1.0.1-1) ...
Setting up node-is-stream (1.1.0-1) ...
Setting up node-deep-extend (0.4.1-2) ...
Setting up node-p-finally (1.0.0-2) ...
Setting up node-get-stream (3.0.0-1) ...
Setting up node-set-blocking (2.0.0-1) ...
Setting up node-prr (1.0.1-1) ...
Setting up node-tunnel-agent (0.6.1-1) ...
Setting up node-uid-number (0.0.6-1) ...
Setting up node-signal-exit (3.0.2-1) ...
Setting up node-spdx-expression-parse (1.0.4-1) ...
Setting up node-cyclist (1.0.1-2) ...
Setting up node-wrappy (1.0.2-1) ...
Setting up node-text-table (0.2.0-2) ...
Setting up node-asynckit (0.4.0-2) ...
Setting up node-proto-list (1.2.4-1) ...
Setting up node-require-directory (2.1.1-1) ...
Setting up node-punycode (2.1.1-2) ...
Setting up node-concat-stream (1.6.2-1) ...
Setting up node-defaults (1.0.3-1) ...
Setting up node-is-typedarray (1.0.0-2) ...
Setting up node-mute-stream (0.0.8-1) ...
Setting up node-mimic-response (1.0.0-1) ...
Setting up node-duplexer3 (0.1.4-4) ...
Setting up node-graceful-fs (4.1.11-1) ...
Setting up node-jsonify (0.0.0-1) ...
Setting up node-json-stable-stringify (1.0.1-1) ...
Setting up node-hosted-git-info (2.7.1-1+deb10u1) ...
Setting up node-aproba (1.2.0-1) ...
Setting up node-tough-cookie (2.3.4+dfsg-1) ...
Setting up node-mimic-fn (1.1.0-1) ...
Setting up node-spdx-license-ids (1.2.2-1) ...
Setting up node-string-decoder (1.2.0-1) ...
Setting up node-mkdirp (0.5.1-1) ...
Setting up node-run-queue (1.0.3-1) ...
Setting up node-call-limit (1.1.0-1) ...
Setting up node-core-util-is (1.0.2-1) ...
Setting up node-json-schema (0.2.3-1) ...
Setting up node-is-builtin-module (2.0.0-1) ...
Setting up node-cli-boxes (1.0.0-1) ...
Setting up node-opener (1.4.3-1) ...
Setting up node-archy (1.0.0-2) ...
Setting up node-caseless (0.12.0-1) ...
Setting up node-imurmurhash (0.1.4-1) ...
Setting up node-xtend (4.0.1-2) ...
Setting up node-p-timeout (1.2.0-1) ...
Setting up node-encoding (0.1.12-2) ...
Setting up node-config-chain (1.1.11-1) ...
Setting up node-read (1.0.7-1) ...
Setting up node-detect-indent (5.0.0-1) ...
Setting up node-npm-run-path (2.0.2-2) ...
Setting up node-asn1 (0.2.3-1) ...
Setting up node-has-symbol-support-x (1.4.1+dfsg-1) ...
Setting up node-sorted-object (2.0.1-1) ...
Setting up node-isarray (2.0.4-1) ...
Setting up node-osenv (0.1.5-1) ...
Setting up node-is-plain-obj (1.1.0-1) ...
Setting up node-shebang-command (1.2.0-1) ...
Setting up node-lowercase-keys (1.0.0-2) ...
Setting up node-decompress-response (3.3.0-1) ...
Setting up node-strip-eof (1.0.0-2) ...
Setting up node-process-nextick-args (2.0.0-1) ...
Setting up node-semver (5.5.1-1) ...
Setting up node-has-unicode (2.0.1-2) ...
Setting up node-fs-write-stream-atomic (1.0.10-4) ...
Setting up node-forever-agent (0.6.1-1) ...
Setting up node-unpipe (1.0.0-1) ...
Setting up node-qs (6.5.2-1) ...
Setting up node-slide (1.1.6-2) ...
Setting up node-delayed-stream (0.0.5-1) ...
Setting up node-isstream (0.1.2+dfsg-1) ...
Setting up node-builtins (1.0.3-1) ...
Setting up node-stream-shift (1.0.0-1) ...
Setting up node-fs.realpath (1.0.0-1) ...
Setting up node-oauth-sign (0.9.0-1) ...
Setting up node-ssri (5.2.4-2) ...
Setting up node-url-to-options (1.0.1-1) ...
Setting up node-jsbn (1.1.0-1) ...
Setting up node-object-assign (4.1.1-2) ...
Setting up node-extsprintf (1.3.0-1) ...
Setting up node-abbrev (1.1.1-1) ...
Setting up node-mem (1.1.0-1) ...
Setting up node-path-is-inside (1.0.2-1) ...
Setting up node-supports-color (4.4.0-2) ...
Setting up node-invert-kv (1.0.0-1) ...
Setting up node-p-limit (1.1.0-1) ...
Setting up node-yallist (3.0.3-1) ...
Setting up node-p-cancelable (0.3.0-1) ...
Setting up node-ansi-regex (3.0.0-1+deb10u1) ...
Setting up node-timed-out (4.0.1-4) ...
Setting up node-strip-json-comments (2.0.1-2) ...
Setting up node-once (1.4.0-3) ...
Setting up node-write-file-atomic (2.3.0-1) ...
Setting up node-slash (1.0.0-1) ...
Setting up node-util-deprecate (1.0.2-1) ...
Setting up node-editor (1.0.0-1) ...
Setting up node-retry (0.10.1-1) ...
Setting up node-get-caller-file (1.0.2-1) ...
Setting up node-sha (2.0.1-1) ...
Setting up node-require-main-filename (1.0.1-1) ...
Setting up node-url-parse-lax (1.0.0-1) ...
Setting up node-concat-map (0.0.1-1) ...
Setting up node-import-lazy (3.0.0.REALLY.2.1.0-1) ...
Setting up node-is-retry-allowed (1.1.0-1) ...
Setting up node-assert-plus (1.0.0-1) ...
Setting up node-ansistyles (0.1.3-1) ...
Setting up node-delegates (1.0.0-1) ...
Setting up node-xdg-basedir (3.0.0-1) ...
Setting up node-co (4.6.0-1) ...
Setting up node-isexe (2.0.0-4) ...
Setting up node-jsonparse (1.3.1-6) ...
Setting up node-ajv (5.0.0-1) ...
Setting up node-path-exists (3.0.0-1) ...
Setting up node-qw (1.0.1-1) ...
Setting up node-tweetnacl (0.14.5+dfsg-3) ...
Setting up node-escape-string-regexp (1.0.5-1) ...
Setting up node-are-we-there-yet (1.1.4-1) ...
Setting up node-through (2.3.8-1) ...
Setting up node-errno (0.1.4-1) ...
Setting up node-p-locate (2.0.0-1) ...
Setting up node-which-module (2.0.0-1) ...
Setting up node-decamelize (1.2.0-1) ...
Setting up node-aws-sign2 (0.7.1-1) ...
Setting up node-color-name (1.1.3-1) ...
Setting up node-semver-diff (2.1.0-2) ...
Setting up node-bluebird (3.5.1+dfsg2-2) ...
Setting up node-console-control-strings (1.1.0-1) ...
Setting up node-camelcase (5.0.0-1) ...
Setting up node-uuid (3.3.2-2) ...
Setting up node-from2 (2.3.0-1) ...
Setting up node-extend (3.0.2-1) ...
Setting up node-jsonstream (1.3.2-1) ...
Setting up node-lazy-property (1.0.0-3) ...
Setting up node-yargs-parser (11.1.1-1+deb10u1) ...
Setting up node-dashdash (1.14.1-2) ...
Setting up node-validate-npm-package-name (3.0.0-1) ...
Setting up node-promzard (0.3.0-1) ...
Setting up node-wcwidth.js (1.0.0-1) ...
Setting up node-locate-path (2.0.0-1) ...
Setting up node-spdx-correct (1.0.2-1) ...
Setting up node-ecc-jsbn (0.1.1-1) ...
Setting up node-combined-stream (1.0.7-1) ...
Setting up node-unique-filename (1.1.0+ds-2) ...
Setting up node-brace-expansion (1.1.8-1) ...
Setting up node-form-data (2.3.2-2) ...
Setting up node-strip-ansi (4.0.0-1) ...
Setting up node-lockfile (1.0.4-1) ...
Setting up node-parallel-transform (1.1.0-2) ...
Setting up node-which (1.3.0-2) ...
Setting up node-lcid (1.0.0-1) ...
Setting up node-stream-iterate (1.2.0-4) ...
Setting up node-tar (4.4.6+ds1-3+deb10u1) ...
Setting up node-node-uuid (3.3.2-2) ...
Setting up node-inflight (1.0.6-1) ...
Setting up node-has-to-string-tag-x (1.4.1+dfsg-1) ...
Setting up node-rc (1.1.6-2) ...
Setting up node-minimatch (3.0.4-3) ...
Setting up node-npm-package-arg (6.0.0-2) ...
Setting up node-verror (1.10.0-1) ...
Setting up node-getpass (0.1.7-1) ...
Setting up node-nopt (3.0.6-3) ...
Setting up node-isurl (1.0.0-1) ...
Setting up node-color-convert (1.9.0-3) ...
Setting up node-string-width (2.1.1-1) ...
Setting up node-har-validator (5.1.0-1) ...
Setting up node-validate-npm-package-license (3.0.1-1) ...
Setting up node-readable-stream (2.3.6-1) ...
Setting up node-through2 (2.0.5-2) ...
Setting up node-lru-cache (5.1.1-4) ...
Setting up node-bcrypt-pbkdf (1.0.1-1) ...
Setting up node-end-of-stream (1.4.1-1) ...
Setting up node-pump (3.0.0-1) ...
Setting up node-jsprim (1.4.0-1) ...
Setting up node-flush-write-stream (1.0.3-1) ...
Setting up node-find-up (2.1.0-1) ...
Setting up node-duplexify (3.6.1-1) ...
Setting up node-cross-spawn (5.1.0-2) ...
Setting up node-normalize-package-data (2.4.0-1) ...
Setting up node-ansi-styles (3.2.1-1) ...
Setting up node-glob (7.1.3-2) ...
Setting up node-pumpify (1.5.1-1) ...
Setting up node-widest-line (1.2.2-1) ...
Setting up node-got (7.1.0-1) ...
Setting up node-chalk (2.3.0-2) ...
Setting up node-registry-url (3.1.0-1) ...
Setting up node-registry-auth-token (3.3.1-1) ...
Setting up node-wide-align (1.1.0-1) ...
Setting up node-ansi-align (2.0.0-1) ...
Setting up node-rimraf (2.6.2-1) ...
Setting up node-sshpk (1.13.1+dfsg-2) ...
Setting up node-stream-each (1.2.2-2) ...
Setting up node-mississippi (3.0.0-1) ...
Setting up node-execa (0.10.0+dfsg-1) ...
Setting up node-read-package-json (2.0.13-1) ...
Setting up node-copy-concurrently (1.0.5-4) ...
Setting up node-move-concurrently (1.0.1-2) ...
Setting up node-term-size (1.2.0+dfsg-2) ...
Setting up node-os-locale (2.0.0-1) ...
Setting up node-http-signature (1.2.0-1) ...
Setting up node-fs-vacuum (1.2.10-2) ...
Setting up node-gauge (2.7.4-1) ...
Setting up node-wrap-ansi (4.0.0-1) ...
Setting up node-boxen (1.2.2-1) ...
Setting up node-package-json (4.0.1-1) ...
Setting up node-latest-version (3.1.0-1) ...
Setting up node-request (2.88.1-2) ...
Setting up node-npmlog (4.1.2-1) ...
Setting up node-cliui (4.1.0-1) ...
Setting up node-yargs (10.0.3-2) ...
Setting up node-cacache (11.3.2-2) ...
Setting up node-gyp (3.8.0-6) ...
Setting up node-libnpx (10.2.0+repack-1) ...
Setting up npm (5.8.0+ds6-4+deb10u2) ...
Processing triggers for libc-bin (2.28-10) ...
root@0261169013f1:/# npm install express
npm ERR! Tracker "idealTree" already exists

npm ERR! A complete log of this run can be found in:
npm ERR!     /root/.npm/_logs/2022-01-31T05_18_25_180Z-debug-0.log
root@0261169013f1:/# ls
bin   code  etc   lib    media  opt   root  sbin  sys  usr
boot  dev   home  lib64  mnt    proc  run   srv   tmp  var
root@0261169013f1:/# cd code
root@0261169013f1:/code# ls
app.js      cs561-swift  docker-compose.yml   node_modules       package.json
cs561-rust  delyarlib    mock-weather-server  package-lock.json
root@0261169013f1:/code# apt-get install npm
Reading package lists... Done
Building dependency tree
Reading state information... Done
npm is already the newest version (5.8.0+ds6-4+deb10u2).
0 upgraded, 0 newly installed, 0 to remove and 3 not upgraded.
root@0261169013f1:/code# ls
app.js      cs561-swift  docker-compose.yml   node_modules       package.json
cs561-rust  delyarlib    mock-weather-server  package-lock.json
root@0261169013f1:/code# apt-get install npm
Reading package lists... Done
Building dependency tree
Reading state information... Done
npm is already the newest version (5.8.0+ds6-4+deb10u2).
0 upgraded, 0 newly installed, 0 to remove and 3 not upgraded.
root@0261169013f1:/code# npm install express

up to date, audited 52 packages in 1s

2 packages are looking for funding
  run `npm fund` for details

found 0 vulnerabilities
npm notice
npm notice New minor version of npm available! 8.3.1 -> 8.4.0
npm notice Changelog: https://github.com/npm/cli/releases/tag/v8.4.0
npm notice Run npm install -g npm@8.4.0 to update!
npm notice
root@0261169013f1:/code# node app.js
Node.js Express server is running on port 3000..
